Archive member included to satisfy reference by file (symbol)

/usr/lib/gcc/arm-none-eabi/10.3.1/thumb/v6-m/nofp/libgcc.a(_dvmd_tls.o)
                              CMakeFiles/my_code.dir/home/mithril/pico/pico-sdk/src/rp2_common/pico_divider/divider_hardware.S.o (__aeabi_idiv0)
/usr/lib/gcc/arm-none-eabi/10.3.1/../../../arm-none-eabi/lib/thumb/v6-m/nofp/libg.a(lib_a-atexit.o)
                              /usr/lib/gcc/arm-none-eabi/10.3.1/../../../arm-none-eabi/lib/thumb/v6-m/nofp/crt0.o (atexit)
/usr/lib/gcc/arm-none-eabi/10.3.1/../../../arm-none-eabi/lib/thumb/v6-m/nofp/libg.a(lib_a-calloc.o)
                              CMakeFiles/my_code.dir/home/mithril/pico/pico-sdk/src/rp2_common/pico_malloc/malloc.c.o (calloc)
/usr/lib/gcc/arm-none-eabi/10.3.1/../../../arm-none-eabi/lib/thumb/v6-m/nofp/libg.a(lib_a-callocr.o)
                              /usr/lib/gcc/arm-none-eabi/10.3.1/../../../arm-none-eabi/lib/thumb/v6-m/nofp/libg.a(lib_a-calloc.o) (_calloc_r)
/usr/lib/gcc/arm-none-eabi/10.3.1/../../../arm-none-eabi/lib/thumb/v6-m/nofp/libg.a(lib_a-fini.o)
                              /usr/lib/gcc/arm-none-eabi/10.3.1/../../../arm-none-eabi/lib/thumb/v6-m/nofp/crt0.o (__libc_fini_array)
/usr/lib/gcc/arm-none-eabi/10.3.1/../../../arm-none-eabi/lib/thumb/v6-m/nofp/libg.a(lib_a-impure.o)
                              /usr/lib/gcc/arm-none-eabi/10.3.1/../../../arm-none-eabi/lib/thumb/v6-m/nofp/libg.a(lib_a-calloc.o) (_impure_ptr)
/usr/lib/gcc/arm-none-eabi/10.3.1/../../../arm-none-eabi/lib/thumb/v6-m/nofp/libg.a(lib_a-init.o)
                              /usr/lib/gcc/arm-none-eabi/10.3.1/../../../arm-none-eabi/lib/thumb/v6-m/nofp/crt0.o (__libc_init_array)
/usr/lib/gcc/arm-none-eabi/10.3.1/../../../arm-none-eabi/lib/thumb/v6-m/nofp/libg.a(lib_a-lcltime_r.o)
                              CMakeFiles/my_code.dir/home/mithril/pico/pico-sdk/src/common/pico_util/datetime.c.o (localtime_r)
/usr/lib/gcc/arm-none-eabi/10.3.1/../../../arm-none-eabi/lib/thumb/v6-m/nofp/libg.a(lib_a-malloc.o)
                              CMakeFiles/my_code.dir/home/mithril/pico/pico-sdk/src/rp2_common/pico_malloc/malloc.c.o (malloc)
/usr/lib/gcc/arm-none-eabi/10.3.1/../../../arm-none-eabi/lib/thumb/v6-m/nofp/libg.a(lib_a-mallocr.o)
                              /usr/lib/gcc/arm-none-eabi/10.3.1/../../../arm-none-eabi/lib/thumb/v6-m/nofp/libg.a(lib_a-callocr.o) (_malloc_r)
/usr/lib/gcc/arm-none-eabi/10.3.1/../../../arm-none-eabi/lib/thumb/v6-m/nofp/libg.a(lib_a-memcmp.o)
                              CMakeFiles/my_code.dir/home/mithril/pico/pico-sdk/src/rp2_common/pico_atomic/atomic.c.o (memcmp)
/usr/lib/gcc/arm-none-eabi/10.3.1/../../../arm-none-eabi/lib/thumb/v6-m/nofp/libg.a(lib_a-mktime.o)
                              CMakeFiles/my_code.dir/home/mithril/pico/pico-sdk/src/common/pico_util/datetime.c.o (mktime)
/usr/lib/gcc/arm-none-eabi/10.3.1/../../../arm-none-eabi/lib/thumb/v6-m/nofp/libg.a(lib_a-mlock.o)
                              /usr/lib/gcc/arm-none-eabi/10.3.1/../../../arm-none-eabi/lib/thumb/v6-m/nofp/libg.a(lib_a-mallocr.o) (__malloc_lock)
/usr/lib/gcc/arm-none-eabi/10.3.1/../../../arm-none-eabi/lib/thumb/v6-m/nofp/libg.a(lib_a-month_lengths.o)
                              /usr/lib/gcc/arm-none-eabi/10.3.1/../../../arm-none-eabi/lib/thumb/v6-m/nofp/libg.a(lib_a-lcltime_r.o) (__month_lengths)
/usr/lib/gcc/arm-none-eabi/10.3.1/../../../arm-none-eabi/lib/thumb/v6-m/nofp/libg.a(lib_a-realloc.o)
                              CMakeFiles/my_code.dir/home/mithril/pico/pico-sdk/src/rp2_common/pico_malloc/malloc.c.o (realloc)
/usr/lib/gcc/arm-none-eabi/10.3.1/../../../arm-none-eabi/lib/thumb/v6-m/nofp/libg.a(lib_a-reallocr.o)
                              /usr/lib/gcc/arm-none-eabi/10.3.1/../../../arm-none-eabi/lib/thumb/v6-m/nofp/libg.a(lib_a-realloc.o) (_realloc_r)
/usr/lib/gcc/arm-none-eabi/10.3.1/../../../arm-none-eabi/lib/thumb/v6-m/nofp/libg.a(lib_a-sbrkr.o)
                              /usr/lib/gcc/arm-none-eabi/10.3.1/../../../arm-none-eabi/lib/thumb/v6-m/nofp/libg.a(lib_a-mallocr.o) (_sbrk_r)
/usr/lib/gcc/arm-none-eabi/10.3.1/../../../arm-none-eabi/lib/thumb/v6-m/nofp/libg.a(lib_a-strlen-stub.o)
                              CMakeFiles/my_code.dir/home/mithril/pico/pico-sdk/src/rp2_common/pico_stdio/stdio.c.o (strlen)
/usr/lib/gcc/arm-none-eabi/10.3.1/../../../arm-none-eabi/lib/thumb/v6-m/nofp/libg.a(lib_a-tzcalc_limits.o)
                              /usr/lib/gcc/arm-none-eabi/10.3.1/../../../arm-none-eabi/lib/thumb/v6-m/nofp/libg.a(lib_a-lcltime_r.o) (__tzcalc_limits)
/usr/lib/gcc/arm-none-eabi/10.3.1/../../../arm-none-eabi/lib/thumb/v6-m/nofp/libg.a(lib_a-tzlock.o)
                              /usr/lib/gcc/arm-none-eabi/10.3.1/../../../arm-none-eabi/lib/thumb/v6-m/nofp/libg.a(lib_a-lcltime_r.o) (__tz_lock)
/usr/lib/gcc/arm-none-eabi/10.3.1/../../../arm-none-eabi/lib/thumb/v6-m/nofp/libg.a(lib_a-tzset.o)
[...]
Memory Configuration

Name             Origin             Length             Attributes
FLASH            0x0000000010000000 0x0000000000200000 xr
RAM              0x0000000020000000 0x0000000000040000 xrw
SCRATCH_X        0x0000000020040000 0x0000000000001000 xrw
SCRATCH_Y        0x0000000020041000 0x0000000000001000 xrw
*default*        0x0000000000000000 0xffffffffffffffff

Linker script and memory map

LOAD /usr/lib/gcc/arm-none-eabi/10.3.1/thumb/v6-m/nofp/crti.o
LOAD /usr/lib/gcc/arm-none-eabi/10.3.1/thumb/v6-m/nofp/crtbegin.o
LOAD /usr/lib/gcc/arm-none-eabi/10.3.1/../../../arm-none-eabi/lib/thumb/v6-m/nofp/crt0.o

.flash_begin    0x0000000010000000        0x0
                0x0000000010000000                __flash_binary_start = .

.boot2          0x0000000010000000      0x100
                0x0000000010000000                __boot2_start__ = .
 *(.boot2)
 .boot2         0x0000000010000000      0x100 pico-sdk/src/rp2040/boot_stage2/CMakeFiles/bs2_default_library.dir/bs2_default_padded_checksummed.S.o
                0x0000000010000100                __boot2_end__ = .
                0x0000000000000001                ASSERT (((__boot2_end__ - __boot2_start__) == 0x100), ERROR: Pico second stage bootloader must be 256 bytes in size)

.text           0x0000000010000100     0x1738
                0x0000000010000100                __logical_binary_start = .
 *(.vectors)
 .vectors       0x0000000010000100       0xd4 CMakeFiles/my_code.dir/home/mithril/pico/pico-sdk/src/rp2_common/pico_crt0/crt0.S.o
                0x0000000010000100                __vectors
                0x0000000010000100                __VECTOR_TABLE
                0x00000000100001c0                isr_irq30
                0x00000000100001c0                __unhandled_user_irq
                0x00000000100001c0                isr_irq13
                0x00000000100001c0                isr_irq27
                0x00000000100001c0                isr_irq31
                0x00000000100001c0                isr_irq5
                0x00000000100001c0                isr_irq11
                0x00000000100001c0                isr_irq23
                0x00000000100001c0                isr_irq18
                0x00000000100001c0                isr_irq28
                0x00000000100001c0                isr_irq19
                0x00000000100001c0                isr_irq0
                0x00000000100001c0                isr_irq6
                0x00000000100001c0                isr_irq22
                0x00000000100001c0                isr_irq17
                0x00000000100001c0                isr_irq14
                0x00000000100001c0                __vectors_end
                0x00000000100001c0                __default_isrs_start
                0x00000000100001c0                isr_irq2
                0x00000000100001c0                isr_irq10
                0x00000000100001c0                isr_irq8
                0x00000000100001c0                isr_irq24
                0x00000000100001c0                isr_irq1
                0x00000000100001c0                isr_irq7
                0x00000000100001c0                isr_irq21
                0x00000000100001c0                isr_irq20
                0x00000000100001c0                isr_irq15
                0x00000000100001c0                isr_irq25
                0x00000000100001c0                isr_irq4
                0x00000000100001c0                isr_irq16
                0x00000000100001c0                isr_irq29
                0x00000000100001c0                isr_irq26
                0x00000000100001c0                isr_irq3
                0x00000000100001c0                isr_irq12
                0x00000000100001c0                isr_irq9
                0x00000000100001c6                unhandled_user_irq_num_in_r0
                0x00000000100001c8                isr_invalid
                0x00000000100001ca                isr_nmi
                0x00000000100001cc                isr_hardfault
                0x00000000100001ce                isr_svcall
                0x00000000100001d0                isr_pendsv
                0x00000000100001d2                isr_systick
                0x00000000100001d4                __default_isrs_end
 *(.binary_info_header)
 .binary_info_header
                0x00000000100001d4       0x14 CMakeFiles/my_code.dir/home/mithril/pico/pico-sdk/src/rp2_common/pico_crt0/crt0.S.o
                0x00000000100001e8                __binary_info_header_end = .
 *(.embedded_block)
                0x00000000100001e8                __embedded_block_end = .
 *(.reset)
 .reset         0x00000000100001e8       0x9c CMakeFiles/my_code.dir/home/mithril/pico/pico-sdk/src/rp2_common/pico_crt0/crt0.S.o
                0x00000000100001e8                _entry_point
 *(.init)
 .init          0x0000000010000284        0x4 /usr/lib/gcc/arm-none-eabi/10.3.1/thumb/v6-m/nofp/crti.o
                0x0000000010000284                _init
 *(EXCLUDE_FILE(*libm.a: *libc.a:*lib_a-mem*.o *libgcc.a:) .text*)
 .text          0x0000000010000288       0x98 /usr/lib/gcc/arm-none-eabi/10.3.1/thumb/v6-m/nofp/crtbegin.o
 .text.startup.main
                0x0000000010000320       0x28 CMakeFiles/my_code.dir/my_code.c.o
                0x0000000010000320                main
 .text.gpio_init
                0x0000000010000348       0x40 CMakeFiles/my_code.dir/home/mithril/pico/pico-sdk/src/rp2_common/hardware_gpio/gpio.c.o
                0x0000000010000348                gpio_init
 .text.panic    0x0000000010000388       0x30 CMakeFiles/my_code.dir/home/mithril/pico/pico-sdk/src/rp2_common/pico_platform_panic/panic.c.o
                0x0000000010000388                panic
 .text.hw_claim_or_assert
                0x00000000100003b8       0x44 CMakeFiles/my_code.dir/home/mithril/pico/pico-sdk/src/common/hardware_claim/claim.c.o
                0x00000000100003b8                hw_claim_or_assert
 .text.next_striped_spin_lock_num
                0x00000000100003fc       0x18 CMakeFiles/my_code.dir/home/mithril/pico/pico-sdk/src/rp2_common/hardware_sync/sync.c.o
                0x00000000100003fc                next_striped_spin_lock_num
 .text.spin_locks_reset
                0x0000000010000414       0x1c CMakeFiles/my_code.dir/home/mithril/pico/pico-sdk/src/rp2_common/hardware_sync_spin_lock/sync_spin_lock.c.o
                0x0000000010000414                spin_locks_reset
 .text.runtime_init_per_core_irq_priorities
                0x0000000010000430       0x24 CMakeFiles/my_code.dir/home/mithril/pico/pico-sdk/src/rp2_common/hardware_irq/irq.c.o
                0x0000000010000430                runtime_init_per_core_irq_priorities
 .text.irq_set_enabled
                0x0000000010000454       0x24 CMakeFiles/my_code.dir/home/mithril/pico/pico-sdk/src/rp2_common/hardware_irq/irq.c.o
                0x0000000010000454                irq_set_enabled
 .text.irq_set_exclusive_handler
                0x0000000010000478       0x54 CMakeFiles/my_code.dir/home/mithril/pico/pico-sdk/src/rp2_common/hardware_irq/irq.c.o
                0x0000000010000478                irq_set_exclusive_handler
 .text.lock_init
                0x00000000100004cc       0x10 CMakeFiles/my_code.dir/home/mithril/pico/pico-sdk/src/common/pico_sync/lock_core.c.o
                0x00000000100004cc                lock_init
 .text.runtime_init_mutex
                0x00000000100004dc       0x58 CMakeFiles/my_code.dir/home/mithril/pico/pico-sdk/src/common/pico_sync/mutex.c.o
                0x00000000100004dc                runtime_init_mutex
 .text.sleep_until_callback
                0x0000000010000534       0x30 CMakeFiles/my_code.dir/home/mithril/pico/pico-sdk/src/common/pico_time/time.c.o
 .text.alarm_pool_irq_handler
                0x0000000010000564      0x308 CMakeFiles/my_code.dir/home/mithril/pico/pico-sdk/src/common/pico_time/time.c.o
 .text.runtime_init_default_alarm_pool
                0x000000001000086c       0xdc CMakeFiles/my_code.dir/home/mithril/pico/pico-sdk/src/common/pico_time/time.c.o
                0x000000001000086c                runtime_init_default_alarm_pool
 .text.alarm_pool_add_alarm_at_force_in_context
                0x0000000010000948       0xb0 CMakeFiles/my_code.dir/home/mithril/pico/pico-sdk/src/common/pico_time/time.c.o
                0x0000000010000948                alarm_pool_add_alarm_at_force_in_context
 .text.alarm_pool_cancel_alarm
                0x00000000100009f8       0x7c CMakeFiles/my_code.dir/home/mithril/pico/pico-sdk/src/common/pico_time/time.c.o
                0x00000000100009f8                alarm_pool_cancel_alarm
 .text.sleep_until
                0x0000000010000a74       0xd0 CMakeFiles/my_code.dir/home/mithril/pico/pico-sdk/src/common/pico_time/time.c.o
                0x0000000010000a74                sleep_until
 .text.sleep_ms
                0x0000000010000b44       0x34 CMakeFiles/my_code.dir/home/mithril/pico/pico-sdk/src/common/pico_time/time.c.o
                0x0000000010000b44                sleep_ms
 .text.best_effort_wfe_or_timeout
                0x0000000010000b78       0xfc CMakeFiles/my_code.dir/home/mithril/pico/pico-sdk/src/common/pico_time/time.c.o
                0x0000000010000b78                best_effort_wfe_or_timeout
 .text.timer_hardware_alarm_claim
                0x0000000010000c74       0x14 CMakeFiles/my_code.dir/home/mithril/pico/pico-sdk/src/rp2_common/hardware_timer/timer.c.o
                0x0000000010000c74                timer_hardware_alarm_claim
 .text.timer_time_us_64
                0x0000000010000c88       0x10 CMakeFiles/my_code.dir/home/mithril/pico/pico-sdk/src/rp2_common/hardware_timer/timer.c.o
                0x0000000010000c88                timer_time_us_64
 .text.time_us_64
                0x0000000010000c98       0x14 CMakeFiles/my_code.dir/home/mithril/pico/pico-sdk/src/rp2_common/hardware_timer/timer.c.o
                0x0000000010000c98                time_us_64
 .text.busy_wait_until
                0x0000000010000cac       0x20 CMakeFiles/my_code.dir/home/mithril/pico/pico-sdk/src/rp2_common/hardware_timer/timer.c.o
                0x0000000010000cac                busy_wait_until
 .text.clock_configure_int_divider
                0x0000000010000ccc       0xf4 CMakeFiles/my_code.dir/home/mithril/pico/pico-sdk/src/rp2_common/hardware_clocks/clocks.c.o
                0x0000000010000ccc                clock_configure_int_divider
 .text.clock_configure_undivided
                0x0000000010000dc0       0xe8 CMakeFiles/my_code.dir/home/mithril/pico/pico-sdk/src/rp2_common/hardware_clocks/clocks.c.o
                0x0000000010000dc0                clock_configure_undivided
 .text.clock_get_hz
                0x0000000010000ea8        0xc CMakeFiles/my_code.dir/home/mithril/pico/pico-sdk/src/rp2_common/hardware_clocks/clocks.c.o
                0x0000000010000ea8                clock_get_hz
 .text.pll_init
                0x0000000010000eb4       0xa0 CMakeFiles/my_code.dir/home/mithril/pico/pico-sdk/src/rp2_common/hardware_pll/pll.c.o
                0x0000000010000eb4                pll_init
 .text.tick_start
                0x0000000010000f54       0x10 CMakeFiles/my_code.dir/home/mithril/pico/pico-sdk/src/rp2_common/hardware_ticks/ticks.c.o
                0x0000000010000f54                tick_start
 .text.rom_func_lookup
                0x0000000010000f64       0x10 CMakeFiles/my_code.dir/home/mithril/pico/pico-sdk/src/rp2_common/pico_bootrom/bootrom.c.o
                0x0000000010000f64                rom_func_lookup
 .text.rom_data_lookup
                0x0000000010000f74       0x10 CMakeFiles/my_code.dir/home/mithril/pico/pico-sdk/src/rp2_common/pico_bootrom/bootrom.c.o
                0x0000000010000f74                rom_data_lookup
 .text.rom_funcs_lookup
                0x0000000010000f84       0x44 CMakeFiles/my_code.dir/home/mithril/pico/pico-sdk/src/rp2_common/pico_bootrom/bootrom.c.o
                0x0000000010000f84                rom_funcs_lookup
 .text.xosc_init
                0x0000000010000fc8       0x28 CMakeFiles/my_code.dir/home/mithril/pico/pico-sdk/src/rp2_common/hardware_xosc/xosc.c.o
                0x0000000010000fc8                xosc_init
 .text.first_per_core_initializer
                0x0000000010000ff0        0x4 CMakeFiles/my_code.dir/home/mithril/pico/pico-sdk/src/rp2_common/pico_runtime/runtime.c.o
 .text.hard_assertion_failure
                0x0000000010000ff4        0xc CMakeFiles/my_code.dir/home/mithril/pico/pico-sdk/src/rp2_common/pico_runtime/runtime.c.o
                0x0000000010000ff4                hard_assertion_failure
 .text.runtime_run_initializers
                0x0000000010001000       0x28 CMakeFiles/my_code.dir/home/mithril/pico/pico-sdk/src/rp2_common/pico_runtime/runtime.c.o
                0x0000000010001000                runtime_run_initializers
 .text.runtime_init_early_resets
                0x0000000010001028       0x2c CMakeFiles/my_code.dir/home/mithril/pico/pico-sdk/src/rp2_common/pico_runtime_init/runtime_init.c.o
                0x0000000010001028                runtime_init_early_resets
 .text.runtime_init_usb_power_down
                0x0000000010001054       0x1c CMakeFiles/my_code.dir/home/mithril/pico/pico-sdk/src/rp2_common/pico_runtime_init/runtime_init.c.o
                0x0000000010001054                runtime_init_usb_power_down
 .text.runtime_init_post_clock_resets
                0x0000000010001070       0x20 CMakeFiles/my_code.dir/home/mithril/pico/pico-sdk/src/rp2_common/pico_runtime_init/runtime_init.c.o
                0x0000000010001070                runtime_init_post_clock_resets
 .text.runtime_init_rp2040_gpio_ie_disable
                0x0000000010001090       0x14 CMakeFiles/my_code.dir/home/mithril/pico/pico-sdk/src/rp2_common/pico_runtime_init/runtime_init.c.o
                0x0000000010001090                runtime_init_rp2040_gpio_ie_disable
 .text.runtime_init_spin_locks_reset
                0x00000000100010a4        0x8 CMakeFiles/my_code.dir/home/mithril/pico/pico-sdk/src/rp2_common/pico_runtime_init/runtime_init.c.o
                0x00000000100010a4                runtime_init_spin_locks_reset
 .text.runtime_init_install_ram_vector_table
                0x00000000100010ac       0xcc CMakeFiles/my_code.dir/home/mithril/pico/pico-sdk/src/rp2_common/pico_runtime_init/runtime_init.c.o
                0x00000000100010ac                runtime_init_install_ram_vector_table
 .text.runtime_init_clocks
                0x0000000010001178       0xd8 CMakeFiles/my_code.dir/home/mithril/pico/pico-sdk/src/rp2_common/pico_runtime_init/runtime_init_clocks.c.o
                0x0000000010001178                runtime_init_clocks
 .text          0x0000000010001250       0x10 CMakeFiles/my_code.dir/home/mithril/pico/pico-sdk/src/rp2_common/pico_bit_ops/bit_ops_aeabi.S.o
 .text.__wrap___aeabi_uidiv
                0x0000000010001260       0x4c CMakeFiles/my_code.dir/home/mithril/pico/pico-sdk/src/rp2_common/pico_divider/divider_hardware.S.o
                0x0000000010001260                __wrap___aeabi_uidiv
                0x0000000010001260                __wrap___aeabi_uidivmod
                0x0000000010001260                div_u32u32
                0x0000000010001260                divmod_u32u32
                0x0000000010001268                divmod_u32u32_unsafe
                0x0000000010001290                divmod_u32u32_savestate
 .text.__aeabi_double_init
                0x00000000100012ac       0xa0 CMakeFiles/my_code.dir/home/mithril/pico/pico-sdk/src/rp2_common/pico_double/double_init_rom_rp2040.c.o
                0x00000000100012ac                __aeabi_double_init
 .text.double_table_shim_on_use_helper
                0x000000001000134c       0x2c CMakeFiles/my_code.dir/home/mithril/pico/pico-sdk/src/rp2_common/pico_double/double_v1_rom_shim_rp2040.S.o
                0x000000001000134c                double_table_shim_on_use_helper
 .text.__aeabi_lmul
                0x0000000010001378       0x32 CMakeFiles/my_code.dir/home/mithril/pico/pico-sdk/src/rp2_common/pico_int64_ops/pico_int64_ops_aeabi.S.o
                0x0000000010001378                __wrap___aeabi_lmul
 *fill*         0x00000000100013aa        0x2 
 .text.__aeabi_float_init
                0x00000000100013ac       0x64 CMakeFiles/my_code.dir/home/mithril/pico/pico-sdk/src/rp2_common/pico_float/float_init_rom_rp2040.c.o
                0x00000000100013ac                __aeabi_float_init
 .text.float_table_shim_on_use_helper
                0x0000000010001410       0x2c CMakeFiles/my_code.dir/home/mithril/pico/pico-sdk/src/rp2_common/pico_float/float_v1_rom_shim_rp2040.S.o
                0x0000000010001410                float_table_shim_on_use_helper
 .text          0x000000001000143c       0x10 CMakeFiles/my_code.dir/home/mithril/pico/pico-sdk/src/rp2_common/pico_mem_ops/mem_ops_aeabi.S.o
                0x000000001000143c                __aeabi_mem_init
 .text.memcpy   0x000000001000144c        0xc CMakeFiles/my_code.dir/home/mithril/pico/pico-sdk/src/rp2_common/pico_mem_ops/mem_ops_aeabi.S.o
                0x000000001000144c                __wrap___aeabi_memcpy
                0x000000001000144c                __wrap_memcpy
 .text._out_char
                0x0000000010001458       0x10 CMakeFiles/my_code.dir/home/mithril/pico/pico-sdk/src/rp2_common/pico_printf/printf.c.o
 .text.weak_raw_vprintf
                0x0000000010001468       0x30 CMakeFiles/my_code.dir/home/mithril/pico/pico-sdk/src/rp2_common/pico_printf/printf.c.o
                0x0000000010001468                weak_raw_vprintf
 .text._exit    0x0000000010001498        0x4 CMakeFiles/my_code.dir/home/mithril/pico/pico-sdk/src/rp2_common/pico_clib_interface/newlib_interface.c.o
                0x0000000010001498                _exit
 .text.exit     0x000000001000149c        0x8 CMakeFiles/my_code.dir/home/mithril/pico/pico-sdk/src/rp2_common/pico_clib_interface/newlib_interface.c.o
                0x000000001000149c                exit
 .text.runtime_init
                0x00000000100014a4       0x2c CMakeFiles/my_code.dir/home/mithril/pico/pico-sdk/src/rp2_common/pico_clib_interface/newlib_interface.c.o
                0x00000000100014a4                runtime_init
 .text.stdio_out_chars_no_crlf
                0x00000000100014d0       0x10 CMakeFiles/my_code.dir/home/mithril/pico/pico-sdk/src/rp2_common/pico_stdio/stdio.c.o
 .text.stdio_out_chars_crlf
                0x00000000100014e0       0xb4 CMakeFiles/my_code.dir/home/mithril/pico/pico-sdk/src/rp2_common/pico_stdio/stdio.c.o
 .text.stdio_put_string
                0x0000000010001594      0x100 CMakeFiles/my_code.dir/home/mithril/pico/pico-sdk/src/rp2_common/pico_stdio/stdio.c.o
                0x0000000010001594                stdio_put_string
 .text.__wrap_putchar
                0x0000000010001694       0x98 CMakeFiles/my_code.dir/home/mithril/pico/pico-sdk/src/rp2_common/pico_stdio/stdio.c.o
                0x0000000010001694                stdio_putchar
                0x0000000010001694                __wrap_putchar
 .text.__wrap_puts
                0x000000001000172c       0x3c CMakeFiles/my_code.dir/home/mithril/pico/pico-sdk/src/rp2_common/pico_stdio/stdio.c.o
                0x000000001000172c                __wrap_puts
                0x000000001000172c                stdio_puts
 .text          0x0000000010001768       0x5c /usr/lib/gcc/arm-none-eabi/10.3.1/../../../arm-none-eabi/lib/thumb/v6-m/nofp/libg.a(lib_a-strlen-stub.o)
                0x0000000010001768                strlen
 *(.fini)
 .fini          0x00000000100017c4        0x4 /usr/lib/gcc/arm-none-eabi/10.3.1/thumb/v6-m/nofp/crti.o
                0x00000000100017c4                _fini
 .fini.__stub   0x00000000100017c8       0x30 linker stubs
 *crtbegin.o(.ctors)
 *crtbegin?.o(.ctors)
 *(EXCLUDE_FILE(*crtend.o *crtend?.o) .ctors)
 *(SORT_BY_NAME(.ctors.*))
 *(.ctors)
 *crtbegin.o(.dtors)
 *crtbegin?.o(.dtors)
 *(EXCLUDE_FILE(*crtend.o *crtend?.o) .dtors)
 *(SORT_BY_NAME(.dtors.*))
 *(.dtors)
                0x00000000100017f8                . = ALIGN (0x4)
                0x00000000100017f8                PROVIDE (__preinit_array_start = .)
 *(SORT_BY_NAME(.preinit_array.*))
 .preinit_array.00100
                0x00000000100017f8        0x4 CMakeFiles/my_code.dir/home/mithril/pico/pico-sdk/src/rp2_common/pico_runtime_init/runtime_init.c.o
                0x00000000100017f8                __pre_init_runtime_init_early_resets
 .preinit_array.00101
                0x00000000100017fc        0x4 CMakeFiles/my_code.dir/home/mithril/pico/pico-sdk/src/rp2_common/pico_runtime_init/runtime_init.c.o
                0x00000000100017fc                __pre_init_runtime_init_usb_power_down
 .preinit_array.00275
                0x0000000010001800        0x4 CMakeFiles/my_code.dir/home/mithril/pico/pico-sdk/src/rp2_common/pico_bit_ops/bit_ops_aeabi.S.o
 .preinit_array.00300
                0x0000000010001804        0x4 CMakeFiles/my_code.dir/home/mithril/pico/pico-sdk/src/rp2_common/pico_mem_ops/mem_ops_aeabi.S.o
 .preinit_array.00350
                0x0000000010001808        0x4 CMakeFiles/my_code.dir/home/mithril/pico/pico-sdk/src/rp2_common/pico_double/double_aeabi_rp2040.S.o
 .preinit_array.00350
                0x000000001000180c        0x4 CMakeFiles/my_code.dir/home/mithril/pico/pico-sdk/src/rp2_common/pico_float/float_aeabi_rp2040.S.o
 .preinit_array.00500
                0x0000000010001810        0x4 CMakeFiles/my_code.dir/home/mithril/pico/pico-sdk/src/rp2_common/pico_runtime_init/runtime_init.c.o
                0x0000000010001810                __pre_init_runtime_init_clocks
 .preinit_array.00600
                0x0000000010001814        0x4 CMakeFiles/my_code.dir/home/mithril/pico/pico-sdk/src/rp2_common/pico_runtime_init/runtime_init.c.o
                0x0000000010001814                __pre_init_runtime_init_post_clock_resets
 .preinit_array.00700
                0x0000000010001818        0x4 CMakeFiles/my_code.dir/home/mithril/pico/pico-sdk/src/rp2_common/pico_runtime_init/runtime_init.c.o
                0x0000000010001818                __pre_init_runtime_init_rp2040_gpio_ie_disable
 .preinit_array.01000
                0x000000001000181c        0x4 CMakeFiles/my_code.dir/home/mithril/pico/pico-sdk/src/rp2_common/pico_runtime_init/runtime_init.c.o
                0x000000001000181c                __pre_init_runtime_init_spin_locks_reset
 .preinit_array.01100
                0x0000000010001820        0x4 CMakeFiles/my_code.dir/home/mithril/pico/pico-sdk/src/common/pico_sync/mutex.c.o
                0x0000000010001820                __pre_init_runtime_init_mutex
 .preinit_array.10080
                0x0000000010001824        0x4 CMakeFiles/my_code.dir/home/mithril/pico/pico-sdk/src/rp2_common/pico_runtime_init/runtime_init.c.o
                0x0000000010001824                __pre_init_runtime_init_install_ram_vector_table
 .preinit_array.11000
                0x0000000010001828        0x4 CMakeFiles/my_code.dir/home/mithril/pico/pico-sdk/src/common/pico_time/time.c.o
                0x0000000010001828                __pre_init_runtime_init_default_alarm_pool
 .preinit_array.YYYYY
                0x000000001000182c        0x4 CMakeFiles/my_code.dir/home/mithril/pico/pico-sdk/src/rp2_common/pico_runtime/runtime.c.o
                0x000000001000182c                __pre_init_first_per_core_initializer
 .preinit_array.ZZZZZ.01200
                0x0000000010001830        0x4 CMakeFiles/my_code.dir/home/mithril/pico/pico-sdk/src/rp2_common/hardware_irq/irq.c.o
                0x0000000010001830                __pre_init_runtime_init_per_core_irq_priorities
 *(.preinit_array)
                0x0000000010001834                PROVIDE (__preinit_array_end = .)
                0x0000000010001834                . = ALIGN (0x4)
                0x0000000010001834                PROVIDE (__init_array_start = .)
 *(SORT_BY_NAME(.init_array.*))
 *(.init_array)
 .init_array    0x0000000010001834        0x4 /usr/lib/gcc/arm-none-eabi/10.3.1/thumb/v6-m/nofp/crtbegin.o
                0x0000000010001838                PROVIDE (__init_array_end = .)
                0x0000000010001838                . = ALIGN (0x4)
                0x0000000010001838                PROVIDE (__fini_array_start = .)
 *(SORT_BY_NAME(.fini_array.*))
 *(.fini_array)
                0x0000000010001838                PROVIDE (__fini_array_end = .)
 *(.eh_frame*)
 .eh_frame      0x0000000010001838        0x0 /usr/lib/gcc/arm-none-eabi/10.3.1/thumb/v6-m/nofp/crtbegin.o
                0x0000000010001838                . = ALIGN (0x4)

.glue_7         0x0000000010001838        0x0
 .glue_7        0x0000000010001838        0x0 linker stubs

.glue_7t        0x0000000010001838        0x0
 .glue_7t       0x0000000010001838        0x0 linker stubs

.vfp11_veneer   0x0000000010001838        0x0
 .vfp11_veneer  0x0000000010001838        0x0 linker stubs

.v4_bx          0x0000000010001838        0x0
 .v4_bx         0x0000000010001838        0x0 linker stubs

.iplt           0x0000000010001838        0x0
 .iplt          0x0000000010001838        0x0 /usr/lib/gcc/arm-none-eabi/10.3.1/thumb/v6-m/nofp/crtbegin.o

.rodata         0x0000000010001838       0xd8
 *(EXCLUDE_FILE(*libm.a: *libc.a:*lib_a-mem*.o *libgcc.a:) .rodata*)
 .rodata.panic.str1.4
                0x0000000010001838       0x12 CMakeFiles/my_code.dir/home/mithril/pico/pico-sdk/src/rp2_common/pico_platform_panic/panic.c.o
 *fill*         0x000000001000184a        0x2 
 .rodata.timer_hardware_alarm_claim.str1.4
                0x000000001000184c       0x22 CMakeFiles/my_code.dir/home/mithril/pico/pico-sdk/src/rp2_common/hardware_timer/timer.c.o
 *fill*         0x000000001000186e        0x2 
 .rodata.hard_assertion_failure.str1.4
                0x0000000010001870        0xc CMakeFiles/my_code.dir/home/mithril/pico/pico-sdk/src/rp2_common/pico_runtime/runtime.c.o
 .rodata.str1.4
                0x000000001000187c       0x3c CMakeFiles/my_code.dir/home/mithril/pico/pico-sdk/src/rp2_common/pico_standard_binary_info/standard_binary_info.c.o
 .rodata.__bi_26
                0x00000000100018b8        0xc CMakeFiles/my_code.dir/home/mithril/pico/pico-sdk/src/rp2_common/pico_standard_binary_info/standard_binary_info.c.o
 .rodata.__bi_34
                0x00000000100018c4        0xc CMakeFiles/my_code.dir/home/mithril/pico/pico-sdk/src/rp2_common/pico_standard_binary_info/standard_binary_info.c.o
 .rodata.__bi_42
                0x00000000100018d0        0xc CMakeFiles/my_code.dir/home/mithril/pico/pico-sdk/src/rp2_common/pico_standard_binary_info/standard_binary_info.c.o
 .rodata.__bi_48
                0x00000000100018dc        0xc CMakeFiles/my_code.dir/home/mithril/pico/pico-sdk/src/rp2_common/pico_standard_binary_info/standard_binary_info.c.o
 .rodata.__bi_54
                0x00000000100018e8        0xc CMakeFiles/my_code.dir/home/mithril/pico/pico-sdk/src/rp2_common/pico_standard_binary_info/standard_binary_info.c.o
 .rodata.__bi_78
                0x00000000100018f4        0xc CMakeFiles/my_code.dir/home/mithril/pico/pico-sdk/src/rp2_common/pico_standard_binary_info/standard_binary_info.c.o
 .rodata.__bi_84
                0x0000000010001900        0xc CMakeFiles/my_code.dir/home/mithril/pico/pico-sdk/src/rp2_common/pico_standard_binary_info/standard_binary_info.c.o
 .rodata.crlf_str.0
                0x000000001000190c        0x2 CMakeFiles/my_code.dir/home/mithril/pico/pico-sdk/src/rp2_common/pico_stdio/stdio.c.o
                0x0000000010001910                . = ALIGN (0x4)
 *fill*         0x000000001000190e        0x2 
 *(SORT_BY_ALIGNMENT(SORT_BY_NAME(.flashdata*)))
                0x0000000010001910                . = ALIGN (0x4)

.ARM.extab
 *(.ARM.extab* .gnu.linkonce.armextab.*)
                0x0000000010001910                __exidx_start = .

.ARM.exidx
 *(.ARM.exidx* .gnu.linkonce.armexidx.*)
                0x0000000010001910                __exidx_end = .
                0x0000000010001910                . = ALIGN (0x4)
                0x0000000010001910                __binary_info_start = .

.binary_info    0x0000000010001910       0x1c
 *(.binary_info.keep.*)
 .binary_info.keep.__bi_ptr26
                0x0000000010001910        0x4 CMakeFiles/my_code.dir/home/mithril/pico/pico-sdk/src/rp2_common/pico_standard_binary_info/standard_binary_info.c.o
 .binary_info.keep.__bi_ptr34
                0x0000000010001914        0x4 CMakeFiles/my_code.dir/home/mithril/pico/pico-sdk/src/rp2_common/pico_standard_binary_info/standard_binary_info.c.o
 .binary_info.keep.__bi_ptr42
                0x0000000010001918        0x4 CMakeFiles/my_code.dir/home/mithril/pico/pico-sdk/src/rp2_common/pico_standard_binary_info/standard_binary_info.c.o
 .binary_info.keep.__bi_ptr48
                0x000000001000191c        0x4 CMakeFiles/my_code.dir/home/mithril/pico/pico-sdk/src/rp2_common/pico_standard_binary_info/standard_binary_info.c.o
 .binary_info.keep.__bi_ptr54
                0x0000000010001920        0x4 CMakeFiles/my_code.dir/home/mithril/pico/pico-sdk/src/rp2_common/pico_standard_binary_info/standard_binary_info.c.o
 .binary_info.keep.__bi_ptr78
                0x0000000010001924        0x4 CMakeFiles/my_code.dir/home/mithril/pico/pico-sdk/src/rp2_common/pico_standard_binary_info/standard_binary_info.c.o
 .binary_info.keep.__bi_ptr84
                0x0000000010001928        0x4 CMakeFiles/my_code.dir/home/mithril/pico/pico-sdk/src/rp2_common/pico_standard_binary_info/standard_binary_info.c.o
 *(.binary_info.*)
                0x000000001000192c                __binary_info_end = .
                0x000000001000192c                . = ALIGN (0x4)

.ram_vector_table
                0x0000000020000000       0xc0
 *(.ram_vector_table)
 .ram_vector_table
                0x0000000020000000       0xc0 CMakeFiles/my_code.dir/home/mithril/pico/pico-sdk/src/rp2_common/pico_runtime_init/runtime_init.c.o
                0x0000000020000000                ram_vector_table

.uninitialized_data
                0x00000000200000c0        0x0
                0x00000000200000c0                . = ALIGN (0x4)
 *(.uninitialized_data*)

.data           0x00000000200000c0      0x128 load address 0x000000001000192c
                0x00000000200000c0                __data_start__ = .
 *(vtable)
 *(.time_critical*)
 .time_critical.mutex_try_enter_block_until
                0x00000000200000c0       0x9c CMakeFiles/my_code.dir/home/mithril/pico/pico-sdk/src/common/pico_sync/mutex.c.o
                0x00000000200000c0                mutex_try_enter_block_until
 .time_critical.mutex_exit
                0x000000002000015c       0x28 CMakeFiles/my_code.dir/home/mithril/pico/pico-sdk/src/common/pico_sync/mutex.c.o
                0x000000002000015c                mutex_exit
 *(.text*)
 .text          0x0000000020000184        0x4 /usr/lib/gcc/arm-none-eabi/10.3.1/thumb/v6-m/nofp/libgcc.a(_dvmd_tls.o)
                0x0000000020000184                __aeabi_ldiv0
                0x0000000020000184                __aeabi_idiv0
 .text.__stub   0x0000000020000188       0x10 linker stubs
                0x0000000020000198                . = ALIGN (0x4)
 *(.rodata*)
                0x0000000020000198                . = ALIGN (0x4)
 *(.data*)
 .data.striped_spin_lock_num
                0x0000000020000198        0x1 CMakeFiles/my_code.dir/home/mithril/pico/pico-sdk/src/rp2_common/hardware_sync/sync.c.o
 *fill*         0x0000000020000199        0x3 
 .data.default_alarm_pool
                0x000000002000019c       0x18 CMakeFiles/my_code.dir/home/mithril/pico/pico-sdk/src/common/pico_time/time.c.o
 *fill*         0x00000000200001b4        0xc 
 .data.aeabi_bits_funcs
                0x00000000200001c0       0x10 CMakeFiles/my_code.dir/home/mithril/pico/pico-sdk/src/rp2_common/pico_bit_ops/bit_ops_aeabi.S.o
                0x00000000200001c0                aeabi_bits_funcs
                0x00000000200001d0                aeabi_bits_funcs_end
 .data.aeabi_mem_funcs
                0x00000000200001d0       0x10 CMakeFiles/my_code.dir/home/mithril/pico/pico-sdk/src/rp2_common/pico_mem_ops/mem_ops_aeabi.S.o
                0x00000000200001d0                aeabi_mem_funcs
                0x00000000200001e0                aeabi_mem_funcs_end
                0x00000000200001e0                . = ALIGN (0x4)
 *(.after_data.*)
                0x00000000200001e0                . = ALIGN (0x4)
                0x00000000200001e0                PROVIDE (__mutex_array_start = .)
 *(SORT_BY_NAME(.mutex_array.*))
 *(.mutex_array)
 .mutex_array   0x00000000200001e0        0x8 CMakeFiles/my_code.dir/home/mithril/pico/pico-sdk/src/rp2_common/pico_stdio/stdio.c.o
                0x00000000200001e8                PROVIDE (__mutex_array_end = .)
                0x00000000200001e8                . = ALIGN (0x4)
 *(.jcr)
                0x00000000200001e8                . = ALIGN (0x4)

.tm_clone_table
                0x00000000200001e8        0x0 load address 0x0000000010001a54
 .tm_clone_table
                0x00000000200001e8        0x0 /usr/lib/gcc/arm-none-eabi/10.3.1/thumb/v6-m/nofp/crtbegin.o
 .tm_clone_table
                0x00000000200001e8        0x0 /usr/lib/gcc/arm-none-eabi/10.3.1/thumb/v6-m/nofp/crtend.o

.igot.plt       0x00000000200001e8        0x0 load address 0x0000000010001a54
 .igot.plt      0x00000000200001e8        0x0 /usr/lib/gcc/arm-none-eabi/10.3.1/thumb/v6-m/nofp/crtbegin.o

.tdata          0x00000000200001e8        0x0 load address 0x0000000010001a54
                0x00000000200001e8                . = ALIGN (0x4)
 *(.tdata .tdata.* .gnu.linkonce.td.*)
                0x00000000200001e8                __tdata_end = .
                0x00000000200001e8                PROVIDE (__data_end__ = .)
                0x000000001000192c                __etext = LOADADDR (.data)

.tbss           0x00000000200001e8        0x0 load address 0x0000000010001a54
                0x00000000200001e8                . = ALIGN (0x4)
                0x00000000200001e8                __bss_start__ = .
                0x00000000200001e8                __tls_base = .
 *(.tbss .tbss.* .gnu.linkonce.tb.*)
 *(.tcommon)
                0x00000000200001e8                __tls_end = .

.bss            0x00000000200001e8      0x3ec load address 0x0000000010001a54
                0x00000000200001e8                . = ALIGN (0x4)
                0x00000000200001e8                __tbss_end = .
 *(SORT_BY_ALIGNMENT(SORT_BY_NAME(.bss*)))
 .bss.default_alarm_pool_entries
                0x00000000200001e8      0x180 CMakeFiles/my_code.dir/home/mithril/pico/pico-sdk/src/common/pico_time/time.c.o
 .bss.sd_table  0x0000000020000368      0x100 CMakeFiles/my_code.dir/home/mithril/pico/pico-sdk/src/rp2_common/pico_double/double_init_rom_rp2040.c.o
                0x0000000020000368                sd_table
 .bss.sf_table  0x0000000020000468      0x100 CMakeFiles/my_code.dir/home/mithril/pico/pico-sdk/src/rp2_common/pico_float/float_init_rom_rp2040.c.o
                0x0000000020000468                sf_table
 .bss           0x0000000020000568       0x1c /usr/lib/gcc/arm-none-eabi/10.3.1/thumb/v6-m/nofp/crtbegin.o
 .bss.claimed   0x0000000020000584        0x1 CMakeFiles/my_code.dir/home/mithril/pico/pico-sdk/src/rp2_common/hardware_timer/timer.c.o
 *fill*         0x0000000020000585        0x3 
 .bss.configured_freq
                0x0000000020000588       0x28 CMakeFiles/my_code.dir/home/mithril/pico/pico-sdk/src/rp2_common/hardware_clocks/clocks.c.o
 .bss.drivers   0x00000000200005b0        0x4 CMakeFiles/my_code.dir/home/mithril/pico/pico-sdk/src/rp2_common/pico_stdio/stdio.c.o
 .bss.filter    0x00000000200005b4        0x4 CMakeFiles/my_code.dir/home/mithril/pico/pico-sdk/src/rp2_common/pico_stdio/stdio.c.o
 .bss.lazy_vsnprintf
                0x00000000200005b8        0x4 CMakeFiles/my_code.dir/home/mithril/pico/pico-sdk/src/rp2_common/pico_printf/printf.c.o
 .bss.pools     0x00000000200005bc       0x10 CMakeFiles/my_code.dir/home/mithril/pico/pico-sdk/src/common/pico_time/time.c.o
 .bss.sf_clz_func
                0x00000000200005cc        0x4 CMakeFiles/my_code.dir/home/mithril/pico/pico-sdk/src/rp2_common/pico_double/double_init_rom_rp2040.c.o
                0x00000000200005cc                sf_clz_func
 .bss.sleep_notifier
                0x00000000200005d0        0x4 CMakeFiles/my_code.dir/home/mithril/pico/pico-sdk/src/common/pico_time/time.c.o
 *(COMMON)
                0x00000000200005d4                . = ALIGN (0x4)
                0x00000000200005d4                __bss_end__ = .

.heap           0x00000000200005d4      0x800 load address 0x0000000010001a54
                0x00000000200005d4                __end__ = .
                0x00000000200005d4                end = __end__
 *(.heap*)
 .heap          0x00000000200005d4      0x800 CMakeFiles/my_code.dir/home/mithril/pico/pico-sdk/src/rp2_common/pico_crt0/crt0.S.o
                0x0000000020040000                __HeapLimit = (ORIGIN (RAM) + LENGTH (RAM))

.scratch_x      0x0000000020040000        0x0 load address 0x0000000010001a54
                0x0000000020040000                __scratch_x_start__ = .
 *(.scratch_x.*)
                0x0000000020040000                . = ALIGN (0x4)
                0x0000000020040000                __scratch_x_end__ = .
                0x0000000010001a54                __scratch_x_source__ = LOADADDR (.scratch_x)

.scratch_y      0x0000000020041000        0x0 load address 0x0000000010001a54
                0x0000000020041000                __scratch_y_start__ = .
 *(.scratch_y.*)
                0x0000000020041000                . = ALIGN (0x4)
                0x0000000020041000                __scratch_y_end__ = .
                0x0000000010001a54                __scratch_y_source__ = LOADADDR (.scratch_y)

.stack1_dummy   0x0000000020040000        0x0
 *(.stack1*)

.stack_dummy    0x0000000020041000      0x800
 *(.stack*)
 .stack         0x0000000020041000      0x800 CMakeFiles/my_code.dir/home/mithril/pico/pico-sdk/src/rp2_common/pico_crt0/crt0.S.o

.rel.dyn        0x0000000020041800        0x0
 .rel.iplt      0x0000000020041800        0x0 /usr/lib/gcc/arm-none-eabi/10.3.1/thumb/v6-m/nofp/crtbegin.o

.flash_end      0x0000000010001a54        0x0
 *(.embedded_end_block*)
                0x0000000010001a54                PROVIDE (__flash_binary_end = .)
                0x0000000020040000                __StackLimit = (ORIGIN (RAM) + LENGTH (RAM))
                0x0000000020041000                __StackOneTop = (ORIGIN (SCRATCH_X) + LENGTH (SCRATCH_X))
                0x0000000020042000                __StackTop = (ORIGIN (SCRATCH_Y) + LENGTH (SCRATCH_Y))
                0x0000000020041000                __StackOneBottom = (__StackOneTop - SIZEOF (.stack1_dummy))
                0x0000000020041800                __StackBottom = (__StackTop - SIZEOF (.stack_dummy))
                0x0000000020042000                PROVIDE (__stack = __StackTop)
                [!provide]                        PROVIDE (__heap_start = __end__)
                [!provide]                        PROVIDE (__heap_end = __HeapLimit)
                [!provide]                        PROVIDE (__tls_align = MAX (ALIGNOF (.tdata), ALIGNOF (.tbss)))
                [!provide]                        PROVIDE (__tls_size_align = (((__tls_size + __tls_align) - 0x1) & ~ ((__tls_align - 0x1))))
                [!provide]                        PROVIDE (__arm32_tls_tcb_offset = MAX (0x8, __tls_align))
                [!provide]                        PROVIDE (_end = __end__)
                [!provide]                        PROVIDE (__llvm_libc_heap_limit = __HeapLimit)
                0x0000000000000001                ASSERT ((__StackLimit >= __HeapLimit), region RAM overflowed)
                0x0000000000000001                ASSERT (((__binary_info_header_end - __logical_binary_start) <= 0x100), Binary info must be in first 256 bytes of the binary)
LOAD CMakeFiles/my_code.dir/my_code.c.o
LOAD CMakeFiles/my_code.dir/home/mithril/pico/pico-sdk/src/rp2_common/pico_stdlib/stdlib.c.o
LOAD CMakeFiles/my_code.dir/home/mithril/pico/pico-sdk/src/rp2_common/hardware_gpio/gpio.c.o
LOAD CMakeFiles/my_code.dir/home/mithril/pico/pico-sdk/src/rp2040/pico_platform/platform.c.o
LOAD CMakeFiles/my_code.dir/home/mithril/pico/pico-sdk/src/rp2_common/pico_platform_common/common.c.o
LOAD CMakeFiles/my_code.dir/home/mithril/pico/pico-sdk/src/rp2_common/pico_platform_panic/panic.c.o
LOAD CMakeFiles/my_code.dir/home/mithril/pico/pico-sdk/src/common/hardware_claim/claim.c.o
LOAD CMakeFiles/my_code.dir/home/mithril/pico/pico-sdk/src/rp2_common/hardware_sync/sync.c.o
LOAD CMakeFiles/my_code.dir/home/mithril/pico/pico-sdk/src/rp2_common/hardware_sync_spin_lock/sync_spin_lock.c.o
LOAD CMakeFiles/my_code.dir/home/mithril/pico/pico-sdk/src/rp2_common/hardware_irq/irq.c.o
LOAD CMakeFiles/my_code.dir/home/mithril/pico/pico-sdk/src/rp2_common/hardware_irq/irq_handler_chain.S.o
LOAD CMakeFiles/my_code.dir/home/mithril/pico/pico-sdk/src/common/pico_sync/sem.c.o
LOAD CMakeFiles/my_code.dir/home/mithril/pico/pico-sdk/src/common/pico_sync/lock_core.c.o
LOAD CMakeFiles/my_code.dir/home/mithril/pico/pico-sdk/src/common/pico_sync/mutex.c.o
LOAD CMakeFiles/my_code.dir/home/mithril/pico/pico-sdk/src/common/pico_sync/critical_section.c.o
LOAD CMakeFiles/my_code.dir/home/mithril/pico/pico-sdk/src/common/pico_time/time.c.o
LOAD CMakeFiles/my_code.dir/home/mithril/pico/pico-sdk/src/common/pico_time/timeout_helper.c.o
LOAD CMakeFiles/my_code.dir/home/mithril/pico/pico-sdk/src/rp2_common/hardware_timer/timer.c.o
LOAD CMakeFiles/my_code.dir/home/mithril/pico/pico-sdk/src/common/pico_util/datetime.c.o
LOAD CMakeFiles/my_code.dir/home/mithril/pico/pico-sdk/src/common/pico_util/pheap.c.o
LOAD CMakeFiles/my_code.dir/home/mithril/pico/pico-sdk/src/common/pico_util/queue.c.o
LOAD CMakeFiles/my_code.dir/home/mithril/pico/pico-sdk/src/rp2_common/hardware_uart/uart.c.o
LOAD CMakeFiles/my_code.dir/home/mithril/pico/pico-sdk/src/rp2_common/hardware_clocks/clocks.c.o
LOAD CMakeFiles/my_code.dir/home/mithril/pico/pico-sdk/src/rp2_common/hardware_pll/pll.c.o
LOAD CMakeFiles/my_code.dir/home/mithril/pico/pico-sdk/src/rp2_common/hardware_vreg/vreg.c.o
LOAD CMakeFiles/my_code.dir/home/mithril/pico/pico-sdk/src/rp2_common/hardware_watchdog/watchdog.c.o
LOAD CMakeFiles/my_code.dir/home/mithril/pico/pico-sdk/src/rp2_common/hardware_ticks/ticks.c.o
LOAD CMakeFiles/my_code.dir/home/mithril/pico/pico-sdk/src/rp2_common/pico_bootrom/bootrom.c.o
LOAD CMakeFiles/my_code.dir/home/mithril/pico/pico-sdk/src/rp2_common/pico_bootrom/bootrom_lock.c.o
LOAD CMakeFiles/my_code.dir/home/mithril/pico/pico-sdk/src/rp2_common/hardware_boot_lock/boot_lock.c.o
LOAD CMakeFiles/my_code.dir/home/mithril/pico/pico-sdk/src/rp2_common/pico_flash/flash.c.o
LOAD CMakeFiles/my_code.dir/home/mithril/pico/pico-sdk/src/rp2_common/hardware_xosc/xosc.c.o
LOAD CMakeFiles/my_code.dir/home/mithril/pico/pico-sdk/src/rp2_common/hardware_divider/divider.S.o
LOAD CMakeFiles/my_code.dir/home/mithril/pico/pico-sdk/src/rp2_common/pico_runtime/runtime.c.o
LOAD CMakeFiles/my_code.dir/home/mithril/pico/pico-sdk/src/rp2_common/pico_runtime_init/runtime_init.c.o
LOAD CMakeFiles/my_code.dir/home/mithril/pico/pico-sdk/src/rp2_common/pico_runtime_init/runtime_init_clocks.c.o
LOAD CMakeFiles/my_code.dir/home/mithril/pico/pico-sdk/src/rp2_common/pico_runtime_init/runtime_init_stack_guard.c.o
LOAD CMakeFiles/my_code.dir/home/mithril/pico/pico-sdk/src/rp2_common/pico_bit_ops/bit_ops_aeabi.S.o
LOAD CMakeFiles/my_code.dir/home/mithril/pico/pico-sdk/src/rp2_common/pico_divider/divider_hardware.S.o
LOAD CMakeFiles/my_code.dir/home/mithril/pico/pico-sdk/src/rp2_common/pico_double/double_aeabi_rp2040.S.o
LOAD CMakeFiles/my_code.dir/home/mithril/pico/pico-sdk/src/rp2_common/pico_double/double_init_rom_rp2040.c.o
LOAD CMakeFiles/my_code.dir/home/mithril/pico/pico-sdk/src/rp2_common/pico_double/double_math.c.o
LOAD CMakeFiles/my_code.dir/home/mithril/pico/pico-sdk/src/rp2_common/pico_double/double_v1_rom_shim_rp2040.S.o
LOAD CMakeFiles/my_code.dir/home/mithril/pico/pico-sdk/src/rp2_common/pico_int64_ops/pico_int64_ops_aeabi.S.o
LOAD CMakeFiles/my_code.dir/home/mithril/pico/pico-sdk/src/rp2_common/pico_float/float_aeabi_rp2040.S.o
LOAD CMakeFiles/my_code.dir/home/mithril/pico/pico-sdk/src/rp2_common/pico_float/float_init_rom_rp2040.c.o
LOAD CMakeFiles/my_code.dir/home/mithril/pico/pico-sdk/src/rp2_common/pico_float/float_math.c.o
LOAD CMakeFiles/my_code.dir/home/mithril/pico/pico-sdk/src/rp2_common/pico_float/float_v1_rom_shim_rp2040.S.o
LOAD CMakeFiles/my_code.dir/home/mithril/pico/pico-sdk/src/rp2_common/pico_malloc/malloc.c.o
LOAD CMakeFiles/my_code.dir/home/mithril/pico/pico-sdk/src/rp2_common/pico_mem_ops/mem_ops_aeabi.S.o
LOAD CMakeFiles/my_code.dir/home/mithril/pico/pico-sdk/src/rp2_common/pico_atomic/atomic.c.o
LOAD CMakeFiles/my_code.dir/home/mithril/pico/pico-sdk/src/rp2_common/pico_cxx_options/new_delete.cpp.o
LOAD CMakeFiles/my_code.dir/home/mithril/pico/pico-sdk/src/rp2_common/pico_standard_binary_info/standard_binary_info.c.o
LOAD CMakeFiles/my_code.dir/home/mithril/pico/pico-sdk/src/rp2_common/pico_printf/printf.c.o
LOAD CMakeFiles/my_code.dir/home/mithril/pico/pico-sdk/src/rp2_common/pico_crt0/crt0.S.o
LOAD CMakeFiles/my_code.dir/home/mithril/pico/pico-sdk/src/rp2_common/pico_clib_interface/newlib_interface.c.o
LOAD CMakeFiles/my_code.dir/home/mithril/pico/pico-sdk/src/rp2_common/pico_stdio/stdio.c.o
LOAD CMakeFiles/my_code.dir/home/mithril/pico/pico-sdk/src/rp2_common/pico_stdio_uart/stdio_uart.c.o
LOAD pico-sdk/src/rp2040/boot_stage2/CMakeFiles/bs2_default_library.dir/bs2_default_padded_checksummed.S.o
LOAD /usr/lib/gcc/arm-none-eabi/10.3.1/../../../arm-none-eabi/lib/thumb/v6-m/nofp/libstdc++.a
LOAD /usr/lib/gcc/arm-none-eabi/10.3.1/../../../arm-none-eabi/lib/thumb/v6-m/nofp/libm.a
START GROUP
LOAD /usr/lib/gcc/arm-none-eabi/10.3.1/thumb/v6-m/nofp/libgcc.a
LOAD /usr/lib/gcc/arm-none-eabi/10.3.1/../../../arm-none-eabi/lib/thumb/v6-m/nofp/libg.a
LOAD /usr/lib/gcc/arm-none-eabi/10.3.1/../../../arm-none-eabi/lib/thumb/v6-m/nofp/libc.a
END GROUP
START GROUP
LOAD /usr/lib/gcc/arm-none-eabi/10.3.1/thumb/v6-m/nofp/libgcc.a
LOAD /usr/lib/gcc/arm-none-eabi/10.3.1/../../../arm-none-eabi/lib/thumb/v6-m/nofp/libc.a
LOAD /usr/lib/gcc/arm-none-eabi/10.3.1/../../../arm-none-eabi/lib/thumb/v6-m/nofp/libnosys.a
END GROUP
LOAD /usr/lib/gcc/arm-none-eabi/10.3.1/thumb/v6-m/nofp/crtend.o
LOAD /usr/lib/gcc/arm-none-eabi/10.3.1/thumb/v6-m/nofp/crtn.o
OUTPUT(my_code.elf elf32-littlearm)
LOAD linker stubs

.ARM.attributes
                0x0000000000000000       0x28
 .ARM.attributes
                0x0000000000000000       0x1e /usr/lib/gcc/arm-none-eabi/10.3.1/thumb/v6-m/nofp/crti.o
 .ARM.attributes
                0x000000000000001e       0x2c /usr/lib/gcc/arm-none-eabi/10.3.1/thumb/v6-m/nofp/crtbegin.o
 .ARM.attributes
                0x000000000000004a       0x2c CMakeFiles/my_code.dir/my_code.c.o
 .ARM.attributes
                0x0000000000000076       0x2c CMakeFiles/my_code.dir/home/mithril/pico/pico-sdk/src/rp2_common/hardware_gpio/gpio.c.o
 .ARM.attributes
                0x00000000000000a2       0x2c CMakeFiles/my_code.dir/home/mithril/pico/pico-sdk/src/rp2_common/pico_platform_panic/panic.c.o
 .ARM.attributes
                0x00000000000000ce       0x2c CMakeFiles/my_code.dir/home/mithril/pico/pico-sdk/src/common/hardware_claim/claim.c.o
 .ARM.attributes
                0x00000000000000fa       0x2c CMakeFiles/my_code.dir/home/mithril/pico/pico-sdk/src/rp2_common/hardware_sync/sync.c.o
 .ARM.attributes
                0x0000000000000126       0x2c CMakeFiles/my_code.dir/home/mithril/pico/pico-sdk/src/rp2_common/hardware_sync_spin_lock/sync_spin_lock.c.o
 .ARM.attributes
                0x0000000000000152       0x2c CMakeFiles/my_code.dir/home/mithril/pico/pico-sdk/src/rp2_common/hardware_irq/irq.c.o
 .ARM.attributes
                0x000000000000017e       0x2c CMakeFiles/my_code.dir/home/mithril/pico/pico-sdk/src/common/pico_sync/lock_core.c.o
 .ARM.attributes
                0x00000000000001aa       0x2c CMakeFiles/my_code.dir/home/mithril/pico/pico-sdk/src/common/pico_sync/mutex.c.o
 .ARM.attributes
                0x00000000000001d6       0x2c CMakeFiles/my_code.dir/home/mithril/pico/pico-sdk/src/common/pico_time/time.c.o
 .ARM.attributes
                0x0000000000000202       0x2c CMakeFiles/my_code.dir/home/mithril/pico/pico-sdk/src/rp2_common/hardware_timer/timer.c.o
 .ARM.attributes
                0x000000000000022e       0x2c CMakeFiles/my_code.dir/home/mithril/pico/pico-sdk/src/rp2_common/hardware_clocks/clocks.c.o
 .ARM.attributes
                0x000000000000025a       0x2c CMakeFiles/my_code.dir/home/mithril/pico/pico-sdk/src/rp2_common/hardware_pll/pll.c.o
 .ARM.attributes
                0x0000000000000286       0x2c CMakeFiles/my_code.dir/home/mithril/pico/pico-sdk/src/rp2_common/hardware_ticks/ticks.c.o
 .ARM.attributes
                0x00000000000002b2       0x2c CMakeFiles/my_code.dir/home/mithril/pico/pico-sdk/src/rp2_common/pico_bootrom/bootrom.c.o
 .ARM.attributes
                0x00000000000002de       0x2c CMakeFiles/my_code.dir/home/mithril/pico/pico-sdk/src/rp2_common/hardware_xosc/xosc.c.o
 .ARM.attributes
                0x000000000000030a       0x2c CMakeFiles/my_code.dir/home/mithril/pico/pico-sdk/src/rp2_common/pico_runtime/runtime.c.o
 .ARM.attributes
                0x0000000000000336       0x2c CMakeFiles/my_code.dir/home/mithril/pico/pico-sdk/src/rp2_common/pico_runtime_init/runtime_init.c.o
 .ARM.attributes
                0x0000000000000362       0x2c CMakeFiles/my_code.dir/home/mithril/pico/pico-sdk/src/rp2_common/pico_runtime_init/runtime_init_clocks.c.o
 .ARM.attributes
                0x000000000000038e       0x22 CMakeFiles/my_code.dir/home/mithril/pico/pico-sdk/src/rp2_common/pico_bit_ops/bit_ops_aeabi.S.o
 .ARM.attributes
                0x00000000000003b0       0x22 CMakeFiles/my_code.dir/home/mithril/pico/pico-sdk/src/rp2_common/pico_divider/divider_hardware.S.o
 .ARM.attributes
                0x00000000000003d2       0x22 CMakeFiles/my_code.dir/home/mithril/pico/pico-sdk/src/rp2_common/pico_double/double_aeabi_rp2040.S.o
 .ARM.attributes
                0x00000000000003f4       0x2c CMakeFiles/my_code.dir/home/mithril/pico/pico-sdk/src/rp2_common/pico_double/double_init_rom_rp2040.c.o
 .ARM.attributes
                0x0000000000000420       0x22 CMakeFiles/my_code.dir/home/mithril/pico/pico-sdk/src/rp2_common/pico_double/double_v1_rom_shim_rp2040.S.o
 .ARM.attributes
                0x0000000000000442       0x22 CMakeFiles/my_code.dir/home/mithril/pico/pico-sdk/src/rp2_common/pico_int64_ops/pico_int64_ops_aeabi.S.o
 .ARM.attributes
                0x0000000000000464       0x22 CMakeFiles/my_code.dir/home/mithril/pico/pico-sdk/src/rp2_common/pico_float/float_aeabi_rp2040.S.o
 .ARM.attributes
                0x0000000000000486       0x2c CMakeFiles/my_code.dir/home/mithril/pico/pico-sdk/src/rp2_common/pico_float/float_init_rom_rp2040.c.o
 .ARM.attributes
                0x00000000000004b2       0x22 CMakeFiles/my_code.dir/home/mithril/pico/pico-sdk/src/rp2_common/pico_float/float_v1_rom_shim_rp2040.S.o
 .ARM.attributes
                0x00000000000004d4       0x22 CMakeFiles/my_code.dir/home/mithril/pico/pico-sdk/src/rp2_common/pico_mem_ops/mem_ops_aeabi.S.o
 .ARM.attributes
                0x00000000000004f6       0x32 CMakeFiles/my_code.dir/home/mithril/pico/pico-sdk/src/rp2_common/pico_standard_binary_info/standard_binary_info.c.o
 .ARM.attributes
                0x0000000000000528       0x2c CMakeFiles/my_code.dir/home/mithril/pico/pico-sdk/src/rp2_common/pico_printf/printf.c.o
 .ARM.attributes
                0x0000000000000554       0x22 CMakeFiles/my_code.dir/home/mithril/pico/pico-sdk/src/rp2_common/pico_crt0/crt0.S.o
 .ARM.attributes
                0x0000000000000576       0x2c CMakeFiles/my_code.dir/home/mithril/pico/pico-sdk/src/rp2_common/pico_clib_interface/newlib_interface.c.o
 .ARM.attributes
                0x00000000000005a2       0x2c CMakeFiles/my_code.dir/home/mithril/pico/pico-sdk/src/rp2_common/pico_stdio/stdio.c.o
 .ARM.attributes
                0x00000000000005ce       0x22 pico-sdk/src/rp2040/boot_stage2/CMakeFiles/bs2_default_library.dir/bs2_default_padded_checksummed.S.o
 .ARM.attributes
                0x00000000000005f0       0x1e /usr/lib/gcc/arm-none-eabi/10.3.1/thumb/v6-m/nofp/libgcc.a(_dvmd_tls.o)
 .ARM.attributes
                0x000000000000060e       0x2c /usr/lib/gcc/arm-none-eabi/10.3.1/../../../arm-none-eabi/lib/thumb/v6-m/nofp/libg.a(lib_a-strlen-stub.o)
 .ARM.attributes
                0x000000000000063a       0x2c /usr/lib/gcc/arm-none-eabi/10.3.1/thumb/v6-m/nofp/crtend.o

.comment        0x0000000000000000       0x33
 .comment       0x0000000000000000       0x33 /usr/lib/gcc/arm-none-eabi/10.3.1/thumb/v6-m/nofp/crtbegin.o
                                         0x34 (size before relaxing)
 .comment       0x0000000000000033       0x34 CMakeFiles/my_code.dir/my_code.c.o
 .comment       0x0000000000000033       0x34 CMakeFiles/my_code.dir/home/mithril/pico/pico-sdk/src/rp2_common/hardware_gpio/gpio.c.o
 .comment       0x0000000000000033       0x34 CMakeFiles/my_code.dir/home/mithril/pico/pico-sdk/src/rp2_common/pico_platform_panic/panic.c.o
 .comment       0x0000000000000033       0x34 CMakeFiles/my_code.dir/home/mithril/pico/pico-sdk/src/common/hardware_claim/claim.c.o
 .comment       0x0000000000000033       0x34 CMakeFiles/my_code.dir/home/mithril/pico/pico-sdk/src/rp2_common/hardware_sync/sync.c.o
 .comment       0x0000000000000033       0x34 CMakeFiles/my_code.dir/home/mithril/pico/pico-sdk/src/rp2_common/hardware_sync_spin_lock/sync_spin_lock.c.o
 .comment       0x0000000000000033       0x34 CMakeFiles/my_code.dir/home/mithril/pico/pico-sdk/src/rp2_common/hardware_irq/irq.c.o
 .comment       0x0000000000000033       0x34 CMakeFiles/my_code.dir/home/mithril/pico/pico-sdk/src/common/pico_sync/lock_core.c.o
 .comment       0x0000000000000033       0x34 CMakeFiles/my_code.dir/home/mithril/pico/pico-sdk/src/common/pico_sync/mutex.c.o
 .comment       0x0000000000000033       0x34 CMakeFiles/my_code.dir/home/mithril/pico/pico-sdk/src/common/pico_time/time.c.o
 .comment       0x0000000000000033       0x34 CMakeFiles/my_code.dir/home/mithril/pico/pico-sdk/src/rp2_common/hardware_timer/timer.c.o
 .comment       0x0000000000000033       0x34 CMakeFiles/my_code.dir/home/mithril/pico/pico-sdk/src/rp2_common/hardware_clocks/clocks.c.o
 .comment       0x0000000000000033       0x34 CMakeFiles/my_code.dir/home/mithril/pico/pico-sdk/src/rp2_common/hardware_pll/pll.c.o
 .comment       0x0000000000000033       0x34 CMakeFiles/my_code.dir/home/mithril/pico/pico-sdk/src/rp2_common/hardware_ticks/ticks.c.o
 .comment       0x0000000000000033       0x34 CMakeFiles/my_code.dir/home/mithril/pico/pico-sdk/src/rp2_common/pico_bootrom/bootrom.c.o
 .comment       0x0000000000000033       0x34 CMakeFiles/my_code.dir/home/mithril/pico/pico-sdk/src/rp2_common/hardware_xosc/xosc.c.o
 .comment       0x0000000000000033       0x34 CMakeFiles/my_code.dir/home/mithril/pico/pico-sdk/src/rp2_common/pico_runtime/runtime.c.o
 .comment       0x0000000000000033       0x34 CMakeFiles/my_code.dir/home/mithril/pico/pico-sdk/src/rp2_common/pico_runtime_init/runtime_init.c.o
 .comment       0x0000000000000033       0x34 CMakeFiles/my_code.dir/home/mithril/pico/pico-sdk/src/rp2_common/pico_runtime_init/runtime_init_clocks.c.o
 .comment       0x0000000000000033       0x34 CMakeFiles/my_code.dir/home/mithril/pico/pico-sdk/src/rp2_common/pico_double/double_init_rom_rp2040.c.o
 .comment       0x0000000000000033       0x34 CMakeFiles/my_code.dir/home/mithril/pico/pico-sdk/src/rp2_common/pico_float/float_init_rom_rp2040.c.o
 .comment       0x0000000000000033       0x34 CMakeFiles/my_code.dir/home/mithril/pico/pico-sdk/src/rp2_common/pico_standard_binary_info/standard_binary_info.c.o
 .comment       0x0000000000000033       0x34 CMakeFiles/my_code.dir/home/mithril/pico/pico-sdk/src/rp2_common/pico_printf/printf.c.o
 .comment       0x0000000000000033       0x34 CMakeFiles/my_code.dir/home/mithril/pico/pico-sdk/src/rp2_common/pico_clib_interface/newlib_interface.c.o
 .comment       0x0000000000000033       0x34 CMakeFiles/my_code.dir/home/mithril/pico/pico-sdk/src/rp2_common/pico_stdio/stdio.c.o
 .comment       0x0000000000000033       0x34 /usr/lib/gcc/arm-none-eabi/10.3.1/../../../arm-none-eabi/lib/thumb/v6-m/nofp/libg.a(lib_a-strlen-stub.o)
 .comment       0x0000000000000033       0x34 /usr/lib/gcc/arm-none-eabi/10.3.1/thumb/v6-m/nofp/crtend.o

.debug_info     0x0000000000000000    0x19c39
 .debug_info    0x0000000000000000      0x5f6 CMakeFiles/my_code.dir/my_code.c.o
 .debug_info    0x00000000000005f6     0x24ca CMakeFiles/my_code.dir/home/mithril/pico/pico-sdk/src/rp2_common/hardware_gpio/gpio.c.o
 .debug_info    0x0000000000002ac0      0x19c CMakeFiles/my_code.dir/home/mithril/pico/pico-sdk/src/rp2_common/pico_platform_panic/panic.c.o
 .debug_info    0x0000000000002c5c      0xa3b CMakeFiles/my_code.dir/home/mithril/pico/pico-sdk/src/common/hardware_claim/claim.c.o
 .debug_info    0x0000000000003697      0x3dd CMakeFiles/my_code.dir/home/mithril/pico/pico-sdk/src/rp2_common/hardware_sync/sync.c.o
 .debug_info    0x0000000000003a74      0x242 CMakeFiles/my_code.dir/home/mithril/pico/pico-sdk/src/rp2_common/hardware_sync_spin_lock/sync_spin_lock.c.o
 .debug_info    0x0000000000003cb6     0x228b CMakeFiles/my_code.dir/home/mithril/pico/pico-sdk/src/rp2_common/hardware_irq/irq.c.o
 .debug_info    0x0000000000005f41      0x154 CMakeFiles/my_code.dir/home/mithril/pico/pico-sdk/src/common/pico_sync/lock_core.c.o
 .debug_info    0x0000000000006095     0x2abd CMakeFiles/my_code.dir/home/mithril/pico/pico-sdk/src/common/pico_sync/mutex.c.o
 .debug_info    0x0000000000008b52     0x49b3 CMakeFiles/my_code.dir/home/mithril/pico/pico-sdk/src/common/pico_time/time.c.o
 .debug_info    0x000000000000d505     0x2ae8 CMakeFiles/my_code.dir/home/mithril/pico/pico-sdk/src/rp2_common/hardware_timer/timer.c.o
 .debug_info    0x000000000000ffed     0x2991 CMakeFiles/my_code.dir/home/mithril/pico/pico-sdk/src/rp2_common/hardware_clocks/clocks.c.o
 .debug_info    0x000000000001297e      0x4f9 CMakeFiles/my_code.dir/home/mithril/pico/pico-sdk/src/rp2_common/hardware_pll/pll.c.o
 .debug_info    0x0000000000012e77      0x242 CMakeFiles/my_code.dir/home/mithril/pico/pico-sdk/src/rp2_common/hardware_ticks/ticks.c.o
 .debug_info    0x00000000000130b9      0x4f2 CMakeFiles/my_code.dir/home/mithril/pico/pico-sdk/src/rp2_common/pico_bootrom/bootrom.c.o
 .debug_info    0x00000000000135ab      0x1c9 CMakeFiles/my_code.dir/home/mithril/pico/pico-sdk/src/rp2_common/hardware_xosc/xosc.c.o
 .debug_info    0x0000000000013774      0x208 CMakeFiles/my_code.dir/home/mithril/pico/pico-sdk/src/rp2_common/pico_runtime/runtime.c.o
 .debug_info    0x000000000001397c      0x812 CMakeFiles/my_code.dir/home/mithril/pico/pico-sdk/src/rp2_common/pico_runtime_init/runtime_init.c.o
 .debug_info    0x000000000001418e      0x701 CMakeFiles/my_code.dir/home/mithril/pico/pico-sdk/src/rp2_common/pico_runtime_init/runtime_init_clocks.c.o
 .debug_info    0x000000000001488f       0x22 CMakeFiles/my_code.dir/home/mithril/pico/pico-sdk/src/rp2_common/pico_bit_ops/bit_ops_aeabi.S.o
 .debug_info    0x00000000000148b1       0x22 CMakeFiles/my_code.dir/home/mithril/pico/pico-sdk/src/rp2_common/pico_divider/divider_hardware.S.o
 .debug_info    0x00000000000148d3       0x22 CMakeFiles/my_code.dir/home/mithril/pico/pico-sdk/src/rp2_common/pico_double/double_aeabi_rp2040.S.o
 .debug_info    0x00000000000148f5      0x218 CMakeFiles/my_code.dir/home/mithril/pico/pico-sdk/src/rp2_common/pico_double/double_init_rom_rp2040.c.o
 .debug_info    0x0000000000014b0d       0x22 CMakeFiles/my_code.dir/home/mithril/pico/pico-sdk/src/rp2_common/pico_double/double_v1_rom_shim_rp2040.S.o
 .debug_info    0x0000000000014b2f       0x26 CMakeFiles/my_code.dir/home/mithril/pico/pico-sdk/src/rp2_common/pico_int64_ops/pico_int64_ops_aeabi.S.o
 .debug_info    0x0000000000014b55       0x22 CMakeFiles/my_code.dir/home/mithril/pico/pico-sdk/src/rp2_common/pico_float/float_aeabi_rp2040.S.o
 .debug_info    0x0000000000014b77      0x222 CMakeFiles/my_code.dir/home/mithril/pico/pico-sdk/src/rp2_common/pico_float/float_init_rom_rp2040.c.o
 .debug_info    0x0000000000014d99       0x22 CMakeFiles/my_code.dir/home/mithril/pico/pico-sdk/src/rp2_common/pico_float/float_v1_rom_shim_rp2040.S.o
 .debug_info    0x0000000000014dbb       0x22 CMakeFiles/my_code.dir/home/mithril/pico/pico-sdk/src/rp2_common/pico_mem_ops/mem_ops_aeabi.S.o
 .debug_info    0x0000000000014ddd      0x2cb CMakeFiles/my_code.dir/home/mithril/pico/pico-sdk/src/rp2_common/pico_standard_binary_info/standard_binary_info.c.o
 .debug_info    0x00000000000150a8     0x21b1 CMakeFiles/my_code.dir/home/mithril/pico/pico-sdk/src/rp2_common/pico_printf/printf.c.o
 .debug_info    0x0000000000017259       0x22 CMakeFiles/my_code.dir/home/mithril/pico/pico-sdk/src/rp2_common/pico_crt0/crt0.S.o
 .debug_info    0x000000000001727b      0xbbb CMakeFiles/my_code.dir/home/mithril/pico/pico-sdk/src/rp2_common/pico_clib_interface/newlib_interface.c.o
 .debug_info    0x0000000000017e36     0x1cef CMakeFiles/my_code.dir/home/mithril/pico/pico-sdk/src/rp2_common/pico_stdio/stdio.c.o
 .debug_info    0x0000000000019b25       0x26 /usr/lib/gcc/arm-none-eabi/10.3.1/thumb/v6-m/nofp/libgcc.a(_dvmd_tls.o)
 .debug_info    0x0000000000019b4b       0xee /usr/lib/gcc/arm-none-eabi/10.3.1/../../../arm-none-eabi/lib/thumb/v6-m/nofp/libg.a(lib_a-strlen-stub.o)

.debug_abbrev   0x0000000000000000     0x45c0
 .debug_abbrev  0x0000000000000000      0x197 CMakeFiles/my_code.dir/my_code.c.o
 .debug_abbrev  0x0000000000000197      0x4a1 CMakeFiles/my_code.dir/home/mithril/pico/pico-sdk/src/rp2_common/hardware_gpio/gpio.c.o
 .debug_abbrev  0x0000000000000638       0xf4 CMakeFiles/my_code.dir/home/mithril/pico/pico-sdk/src/rp2_common/pico_platform_panic/panic.c.o
 .debug_abbrev  0x000000000000072c      0x2d3 CMakeFiles/my_code.dir/home/mithril/pico/pico-sdk/src/common/hardware_claim/claim.c.o
 .debug_abbrev  0x00000000000009ff      0x1de CMakeFiles/my_code.dir/home/mithril/pico/pico-sdk/src/rp2_common/hardware_sync/sync.c.o
 .debug_abbrev  0x0000000000000bdd      0x1b2 CMakeFiles/my_code.dir/home/mithril/pico/pico-sdk/src/rp2_common/hardware_sync_spin_lock/sync_spin_lock.c.o
 .debug_abbrev  0x0000000000000d8f      0x588 CMakeFiles/my_code.dir/home/mithril/pico/pico-sdk/src/rp2_common/hardware_irq/irq.c.o
 .debug_abbrev  0x0000000000001317       0xee CMakeFiles/my_code.dir/home/mithril/pico/pico-sdk/src/common/pico_sync/lock_core.c.o
 .debug_abbrev  0x0000000000001405      0x413 CMakeFiles/my_code.dir/home/mithril/pico/pico-sdk/src/common/pico_sync/mutex.c.o
 .debug_abbrev  0x0000000000001818      0x606 CMakeFiles/my_code.dir/home/mithril/pico/pico-sdk/src/common/pico_time/time.c.o
 .debug_abbrev  0x0000000000001e1e      0x49d CMakeFiles/my_code.dir/home/mithril/pico/pico-sdk/src/rp2_common/hardware_timer/timer.c.o
 .debug_abbrev  0x00000000000022bb      0x4c3 CMakeFiles/my_code.dir/home/mithril/pico/pico-sdk/src/rp2_common/hardware_clocks/clocks.c.o
 .debug_abbrev  0x000000000000277e      0x1c6 CMakeFiles/my_code.dir/home/mithril/pico/pico-sdk/src/rp2_common/hardware_pll/pll.c.o
 .debug_abbrev  0x0000000000002944      0x141 CMakeFiles/my_code.dir/home/mithril/pico/pico-sdk/src/rp2_common/hardware_ticks/ticks.c.o
 .debug_abbrev  0x0000000000002a85      0x1ba CMakeFiles/my_code.dir/home/mithril/pico/pico-sdk/src/rp2_common/pico_bootrom/bootrom.c.o
 .debug_abbrev  0x0000000000002c3f      0x11a CMakeFiles/my_code.dir/home/mithril/pico/pico-sdk/src/rp2_common/hardware_xosc/xosc.c.o
 .debug_abbrev  0x0000000000002d59      0x16c CMakeFiles/my_code.dir/home/mithril/pico/pico-sdk/src/rp2_common/pico_runtime/runtime.c.o
 .debug_abbrev  0x0000000000002ec5      0x250 CMakeFiles/my_code.dir/home/mithril/pico/pico-sdk/src/rp2_common/pico_runtime_init/runtime_init.c.o
 .debug_abbrev  0x0000000000003115      0x246 CMakeFiles/my_code.dir/home/mithril/pico/pico-sdk/src/rp2_common/pico_runtime_init/runtime_init_clocks.c.o
 .debug_abbrev  0x000000000000335b       0x12 CMakeFiles/my_code.dir/home/mithril/pico/pico-sdk/src/rp2_common/pico_bit_ops/bit_ops_aeabi.S.o
 .debug_abbrev  0x000000000000336d       0x12 CMakeFiles/my_code.dir/home/mithril/pico/pico-sdk/src/rp2_common/pico_divider/divider_hardware.S.o
 .debug_abbrev  0x000000000000337f       0x12 CMakeFiles/my_code.dir/home/mithril/pico/pico-sdk/src/rp2_common/pico_double/double_aeabi_rp2040.S.o
 .debug_abbrev  0x0000000000003391      0x15c CMakeFiles/my_code.dir/home/mithril/pico/pico-sdk/src/rp2_common/pico_double/double_init_rom_rp2040.c.o
 .debug_abbrev  0x00000000000034ed       0x12 CMakeFiles/my_code.dir/home/mithril/pico/pico-sdk/src/rp2_common/pico_double/double_v1_rom_shim_rp2040.S.o
 .debug_abbrev  0x00000000000034ff       0x14 CMakeFiles/my_code.dir/home/mithril/pico/pico-sdk/src/rp2_common/pico_int64_ops/pico_int64_ops_aeabi.S.o
 .debug_abbrev  0x0000000000003513       0x12 CMakeFiles/my_code.dir/home/mithril/pico/pico-sdk/src/rp2_common/pico_float/float_aeabi_rp2040.S.o
 .debug_abbrev  0x0000000000003525      0x15c CMakeFiles/my_code.dir/home/mithril/pico/pico-sdk/src/rp2_common/pico_float/float_init_rom_rp2040.c.o
 .debug_abbrev  0x0000000000003681       0x12 CMakeFiles/my_code.dir/home/mithril/pico/pico-sdk/src/rp2_common/pico_float/float_v1_rom_shim_rp2040.S.o
 .debug_abbrev  0x0000000000003693       0x12 CMakeFiles/my_code.dir/home/mithril/pico/pico-sdk/src/rp2_common/pico_mem_ops/mem_ops_aeabi.S.o
 .debug_abbrev  0x00000000000036a5       0xad CMakeFiles/my_code.dir/home/mithril/pico/pico-sdk/src/rp2_common/pico_standard_binary_info/standard_binary_info.c.o
 .debug_abbrev  0x0000000000003752      0x517 CMakeFiles/my_code.dir/home/mithril/pico/pico-sdk/src/rp2_common/pico_printf/printf.c.o
 .debug_abbrev  0x0000000000003c69       0x12 CMakeFiles/my_code.dir/home/mithril/pico/pico-sdk/src/rp2_common/pico_crt0/crt0.S.o
 .debug_abbrev  0x0000000000003c7b      0x315 CMakeFiles/my_code.dir/home/mithril/pico/pico-sdk/src/rp2_common/pico_clib_interface/newlib_interface.c.o
 .debug_abbrev  0x0000000000003f90      0x58d CMakeFiles/my_code.dir/home/mithril/pico/pico-sdk/src/rp2_common/pico_stdio/stdio.c.o
 .debug_abbrev  0x000000000000451d       0x14 /usr/lib/gcc/arm-none-eabi/10.3.1/thumb/v6-m/nofp/libgcc.a(_dvmd_tls.o)
 .debug_abbrev  0x0000000000004531       0x8f /usr/lib/gcc/arm-none-eabi/10.3.1/../../../arm-none-eabi/lib/thumb/v6-m/nofp/libg.a(lib_a-strlen-stub.o)

.debug_loc      0x0000000000000000    0x167c6
 .debug_loc     0x0000000000000000      0x114 CMakeFiles/my_code.dir/my_code.c.o
 .debug_loc     0x0000000000000114     0x291b CMakeFiles/my_code.dir/home/mithril/pico/pico-sdk/src/rp2_common/hardware_gpio/gpio.c.o
 .debug_loc     0x0000000000002a2f      0x6c7 CMakeFiles/my_code.dir/home/mithril/pico/pico-sdk/src/common/hardware_claim/claim.c.o
 .debug_loc     0x00000000000030f6      0x154 CMakeFiles/my_code.dir/home/mithril/pico/pico-sdk/src/rp2_common/hardware_sync/sync.c.o
 .debug_loc     0x000000000000324a       0xb5 CMakeFiles/my_code.dir/home/mithril/pico/pico-sdk/src/rp2_common/hardware_sync_spin_lock/sync_spin_lock.c.o
 .debug_loc     0x00000000000032ff     0x1ba4 CMakeFiles/my_code.dir/home/mithril/pico/pico-sdk/src/rp2_common/hardware_irq/irq.c.o
 .debug_loc     0x0000000000004ea3       0x4d CMakeFiles/my_code.dir/home/mithril/pico/pico-sdk/src/common/pico_sync/lock_core.c.o
 .debug_loc     0x0000000000004ef0     0x1b8e CMakeFiles/my_code.dir/home/mithril/pico/pico-sdk/src/common/pico_sync/mutex.c.o
 .debug_loc     0x0000000000006a7e     0x3f68 CMakeFiles/my_code.dir/home/mithril/pico/pico-sdk/src/common/pico_time/time.c.o
 .debug_loc     0x000000000000a9e6     0x2541 CMakeFiles/my_code.dir/home/mithril/pico/pico-sdk/src/rp2_common/hardware_timer/timer.c.o
 .debug_loc     0x000000000000cf27     0x348b CMakeFiles/my_code.dir/home/mithril/pico/pico-sdk/src/rp2_common/hardware_clocks/clocks.c.o
 .debug_loc     0x00000000000103b2      0x28f CMakeFiles/my_code.dir/home/mithril/pico/pico-sdk/src/rp2_common/hardware_pll/pll.c.o
 .debug_loc     0x0000000000010641       0x57 CMakeFiles/my_code.dir/home/mithril/pico/pico-sdk/src/rp2_common/hardware_ticks/ticks.c.o
 .debug_loc     0x0000000000010698      0x4bb CMakeFiles/my_code.dir/home/mithril/pico/pico-sdk/src/rp2_common/pico_bootrom/bootrom.c.o
 .debug_loc     0x0000000000010b53       0x71 CMakeFiles/my_code.dir/home/mithril/pico/pico-sdk/src/rp2_common/hardware_xosc/xosc.c.o
 .debug_loc     0x0000000000010bc4       0xbc CMakeFiles/my_code.dir/home/mithril/pico/pico-sdk/src/rp2_common/pico_runtime/runtime.c.o
 .debug_loc     0x0000000000010c80      0x206 CMakeFiles/my_code.dir/home/mithril/pico/pico-sdk/src/rp2_common/pico_runtime_init/runtime_init.c.o
 .debug_loc     0x0000000000010e86       0xa7 CMakeFiles/my_code.dir/home/mithril/pico/pico-sdk/src/rp2_common/pico_runtime_init/runtime_init_clocks.c.o
 .debug_loc     0x0000000000010f2d       0x44 CMakeFiles/my_code.dir/home/mithril/pico/pico-sdk/src/rp2_common/pico_double/double_init_rom_rp2040.c.o
 .debug_loc     0x0000000000010f71       0x82 CMakeFiles/my_code.dir/home/mithril/pico/pico-sdk/src/rp2_common/pico_float/float_init_rom_rp2040.c.o
 .debug_loc     0x0000000000010ff3     0x3c08 CMakeFiles/my_code.dir/home/mithril/pico/pico-sdk/src/rp2_common/pico_printf/printf.c.o
 .debug_loc     0x0000000000014bfb      0x5d6 CMakeFiles/my_code.dir/home/mithril/pico/pico-sdk/src/rp2_common/pico_clib_interface/newlib_interface.c.o
 .debug_loc     0x00000000000151d1     0x1565 CMakeFiles/my_code.dir/home/mithril/pico/pico-sdk/src/rp2_common/pico_stdio/stdio.c.o
 .debug_loc     0x0000000000016736       0x90 /usr/lib/gcc/arm-none-eabi/10.3.1/../../../arm-none-eabi/lib/thumb/v6-m/nofp/libg.a(lib_a-strlen-stub.o)

.debug_aranges  0x0000000000000000      0xea8
 .debug_aranges
                0x0000000000000000       0x20 CMakeFiles/my_code.dir/my_code.c.o
 .debug_aranges
                0x0000000000000020      0x118 CMakeFiles/my_code.dir/home/mithril/pico/pico-sdk/src/rp2_common/hardware_gpio/gpio.c.o
 .debug_aranges
                0x0000000000000138       0x28 CMakeFiles/my_code.dir/home/mithril/pico/pico-sdk/src/rp2_common/pico_platform_panic/panic.c.o
 .debug_aranges
                0x0000000000000160       0x48 CMakeFiles/my_code.dir/home/mithril/pico/pico-sdk/src/common/hardware_claim/claim.c.o
 .debug_aranges
                0x00000000000001a8       0x48 CMakeFiles/my_code.dir/home/mithril/pico/pico-sdk/src/rp2_common/hardware_sync/sync.c.o
 .debug_aranges
                0x00000000000001f0       0x28 CMakeFiles/my_code.dir/home/mithril/pico/pico-sdk/src/rp2_common/hardware_sync_spin_lock/sync_spin_lock.c.o
 .debug_aranges
                0x0000000000000218       0xb8 CMakeFiles/my_code.dir/home/mithril/pico/pico-sdk/src/rp2_common/hardware_irq/irq.c.o
 .debug_aranges
                0x00000000000002d0       0x20 CMakeFiles/my_code.dir/home/mithril/pico/pico-sdk/src/common/pico_sync/lock_core.c.o
 .debug_aranges
                0x00000000000002f0       0x98 CMakeFiles/my_code.dir/home/mithril/pico/pico-sdk/src/common/pico_sync/mutex.c.o
 .debug_aranges
                0x0000000000000388       0xe0 CMakeFiles/my_code.dir/home/mithril/pico/pico-sdk/src/common/pico_time/time.c.o
 .debug_aranges
                0x0000000000000468       0xf0 CMakeFiles/my_code.dir/home/mithril/pico/pico-sdk/src/rp2_common/hardware_timer/timer.c.o
 .debug_aranges
                0x0000000000000558       0x90 CMakeFiles/my_code.dir/home/mithril/pico/pico-sdk/src/rp2_common/hardware_clocks/clocks.c.o
 .debug_aranges
                0x00000000000005e8       0x28 CMakeFiles/my_code.dir/home/mithril/pico/pico-sdk/src/rp2_common/hardware_pll/pll.c.o
 .debug_aranges
                0x0000000000000610       0x30 CMakeFiles/my_code.dir/home/mithril/pico/pico-sdk/src/rp2_common/hardware_ticks/ticks.c.o
 .debug_aranges
                0x0000000000000640       0x40 CMakeFiles/my_code.dir/home/mithril/pico/pico-sdk/src/rp2_common/pico_bootrom/bootrom.c.o
 .debug_aranges
                0x0000000000000680       0x30 CMakeFiles/my_code.dir/home/mithril/pico/pico-sdk/src/rp2_common/hardware_xosc/xosc.c.o
 .debug_aranges
                0x00000000000006b0       0x38 CMakeFiles/my_code.dir/home/mithril/pico/pico-sdk/src/rp2_common/pico_runtime/runtime.c.o
 .debug_aranges
                0x00000000000006e8       0x48 CMakeFiles/my_code.dir/home/mithril/pico/pico-sdk/src/rp2_common/pico_runtime_init/runtime_init.c.o
 .debug_aranges
                0x0000000000000730       0x20 CMakeFiles/my_code.dir/home/mithril/pico/pico-sdk/src/rp2_common/pico_runtime_init/runtime_init_clocks.c.o
 .debug_aranges
                0x0000000000000750       0x60 CMakeFiles/my_code.dir/home/mithril/pico/pico-sdk/src/rp2_common/pico_bit_ops/bit_ops_aeabi.S.o
 .debug_aranges
                0x00000000000007b0       0x40 CMakeFiles/my_code.dir/home/mithril/pico/pico-sdk/src/rp2_common/pico_divider/divider_hardware.S.o
 .debug_aranges
                0x00000000000007f0      0x150 CMakeFiles/my_code.dir/home/mithril/pico/pico-sdk/src/rp2_common/pico_double/double_aeabi_rp2040.S.o
 .debug_aranges
                0x0000000000000940       0x20 CMakeFiles/my_code.dir/home/mithril/pico/pico-sdk/src/rp2_common/pico_double/double_init_rom_rp2040.c.o
 .debug_aranges
                0x0000000000000960       0xc8 CMakeFiles/my_code.dir/home/mithril/pico/pico-sdk/src/rp2_common/pico_double/double_v1_rom_shim_rp2040.S.o
 .debug_aranges
                0x0000000000000a28       0x20 CMakeFiles/my_code.dir/home/mithril/pico/pico-sdk/src/rp2_common/pico_int64_ops/pico_int64_ops_aeabi.S.o
 .debug_aranges
                0x0000000000000a48      0x138 CMakeFiles/my_code.dir/home/mithril/pico/pico-sdk/src/rp2_common/pico_float/float_aeabi_rp2040.S.o
 .debug_aranges
                0x0000000000000b80       0x20 CMakeFiles/my_code.dir/home/mithril/pico/pico-sdk/src/rp2_common/pico_float/float_init_rom_rp2040.c.o
 .debug_aranges
                0x0000000000000ba0       0x50 CMakeFiles/my_code.dir/home/mithril/pico/pico-sdk/src/rp2_common/pico_float/float_v1_rom_shim_rp2040.S.o
 .debug_aranges
                0x0000000000000bf0       0x38 CMakeFiles/my_code.dir/home/mithril/pico/pico-sdk/src/rp2_common/pico_mem_ops/mem_ops_aeabi.S.o
 .debug_aranges
                0x0000000000000c28       0x18 CMakeFiles/my_code.dir/home/mithril/pico/pico-sdk/src/rp2_common/pico_standard_binary_info/standard_binary_info.c.o
 .debug_aranges
                0x0000000000000c40       0x90 CMakeFiles/my_code.dir/home/mithril/pico/pico-sdk/src/rp2_common/pico_printf/printf.c.o
 .debug_aranges
                0x0000000000000cd0       0x28 CMakeFiles/my_code.dir/home/mithril/pico/pico-sdk/src/rp2_common/pico_crt0/crt0.S.o
 .debug_aranges
                0x0000000000000cf8       0xa8 CMakeFiles/my_code.dir/home/mithril/pico/pico-sdk/src/rp2_common/pico_clib_interface/newlib_interface.c.o
 .debug_aranges
                0x0000000000000da0       0xc8 CMakeFiles/my_code.dir/home/mithril/pico/pico-sdk/src/rp2_common/pico_stdio/stdio.c.o
 .debug_aranges
                0x0000000000000e68       0x20 /usr/lib/gcc/arm-none-eabi/10.3.1/thumb/v6-m/nofp/libgcc.a(_dvmd_tls.o)
 .debug_aranges
                0x0000000000000e88       0x20 /usr/lib/gcc/arm-none-eabi/10.3.1/../../../arm-none-eabi/lib/thumb/v6-m/nofp/libg.a(lib_a-strlen-stub.o)

.debug_ranges   0x0000000000000000     0x8440
 .debug_ranges  0x0000000000000000       0x60 CMakeFiles/my_code.dir/my_code.c.o
 .debug_ranges  0x0000000000000060      0xd20 CMakeFiles/my_code.dir/home/mithril/pico/pico-sdk/src/rp2_common/hardware_gpio/gpio.c.o
 .debug_ranges  0x0000000000000d80       0x18 CMakeFiles/my_code.dir/home/mithril/pico/pico-sdk/src/rp2_common/pico_platform_panic/panic.c.o
 .debug_ranges  0x0000000000000d98      0x440 CMakeFiles/my_code.dir/home/mithril/pico/pico-sdk/src/common/hardware_claim/claim.c.o
 .debug_ranges  0x00000000000011d8       0xd8 CMakeFiles/my_code.dir/home/mithril/pico/pico-sdk/src/rp2_common/hardware_sync/sync.c.o
 .debug_ranges  0x00000000000012b0       0xa8 CMakeFiles/my_code.dir/home/mithril/pico/pico-sdk/src/rp2_common/hardware_sync_spin_lock/sync_spin_lock.c.o
 .debug_ranges  0x0000000000001358      0xa80 CMakeFiles/my_code.dir/home/mithril/pico/pico-sdk/src/rp2_common/hardware_irq/irq.c.o
 .debug_ranges  0x0000000000001dd8       0x28 CMakeFiles/my_code.dir/home/mithril/pico/pico-sdk/src/common/pico_sync/lock_core.c.o
 .debug_ranges  0x0000000000001e00     0x16b0 CMakeFiles/my_code.dir/home/mithril/pico/pico-sdk/src/common/pico_sync/mutex.c.o
 .debug_ranges  0x00000000000034b0     0x1e10 CMakeFiles/my_code.dir/home/mithril/pico/pico-sdk/src/common/pico_time/time.c.o
 .debug_ranges  0x00000000000052c0      0xe68 CMakeFiles/my_code.dir/home/mithril/pico/pico-sdk/src/rp2_common/hardware_timer/timer.c.o
 .debug_ranges  0x0000000000006128      0xbd0 CMakeFiles/my_code.dir/home/mithril/pico/pico-sdk/src/rp2_common/hardware_clocks/clocks.c.o
 .debug_ranges  0x0000000000006cf8       0xd8 CMakeFiles/my_code.dir/home/mithril/pico/pico-sdk/src/rp2_common/hardware_pll/pll.c.o
 .debug_ranges  0x0000000000006dd0       0x38 CMakeFiles/my_code.dir/home/mithril/pico/pico-sdk/src/rp2_common/hardware_ticks/ticks.c.o
 .debug_ranges  0x0000000000006e08      0x138 CMakeFiles/my_code.dir/home/mithril/pico/pico-sdk/src/rp2_common/pico_bootrom/bootrom.c.o
 .debug_ranges  0x0000000000006f40       0x20 CMakeFiles/my_code.dir/home/mithril/pico/pico-sdk/src/rp2_common/hardware_xosc/xosc.c.o
 .debug_ranges  0x0000000000006f60       0x58 CMakeFiles/my_code.dir/home/mithril/pico/pico-sdk/src/rp2_common/pico_runtime/runtime.c.o
 .debug_ranges  0x0000000000006fb8       0xc8 CMakeFiles/my_code.dir/home/mithril/pico/pico-sdk/src/rp2_common/pico_runtime_init/runtime_init.c.o
 .debug_ranges  0x0000000000007080       0x28 CMakeFiles/my_code.dir/home/mithril/pico/pico-sdk/src/rp2_common/pico_runtime_init/runtime_init_clocks.c.o
 .debug_ranges  0x00000000000070a8       0x58 CMakeFiles/my_code.dir/home/mithril/pico/pico-sdk/src/rp2_common/pico_bit_ops/bit_ops_aeabi.S.o
 .debug_ranges  0x0000000000007100       0x38 CMakeFiles/my_code.dir/home/mithril/pico/pico-sdk/src/rp2_common/pico_divider/divider_hardware.S.o
 .debug_ranges  0x0000000000007138      0x148 CMakeFiles/my_code.dir/home/mithril/pico/pico-sdk/src/rp2_common/pico_double/double_aeabi_rp2040.S.o
 .debug_ranges  0x0000000000007280       0x30 CMakeFiles/my_code.dir/home/mithril/pico/pico-sdk/src/rp2_common/pico_double/double_init_rom_rp2040.c.o
 .debug_ranges  0x00000000000072b0       0xc0 CMakeFiles/my_code.dir/home/mithril/pico/pico-sdk/src/rp2_common/pico_double/double_v1_rom_shim_rp2040.S.o
 .debug_ranges  0x0000000000007370      0x130 CMakeFiles/my_code.dir/home/mithril/pico/pico-sdk/src/rp2_common/pico_float/float_aeabi_rp2040.S.o
 .debug_ranges  0x00000000000074a0       0x10 CMakeFiles/my_code.dir/home/mithril/pico/pico-sdk/src/rp2_common/pico_float/float_init_rom_rp2040.c.o
 .debug_ranges  0x00000000000074b0       0x48 CMakeFiles/my_code.dir/home/mithril/pico/pico-sdk/src/rp2_common/pico_float/float_v1_rom_shim_rp2040.S.o
 .debug_ranges  0x00000000000074f8       0x30 CMakeFiles/my_code.dir/home/mithril/pico/pico-sdk/src/rp2_common/pico_mem_ops/mem_ops_aeabi.S.o
 .debug_ranges  0x0000000000007528      0x500 CMakeFiles/my_code.dir/home/mithril/pico/pico-sdk/src/rp2_common/pico_printf/printf.c.o
 .debug_ranges  0x0000000000007a28       0x20 CMakeFiles/my_code.dir/home/mithril/pico/pico-sdk/src/rp2_common/pico_crt0/crt0.S.o
 .debug_ranges  0x0000000000007a48      0x128 CMakeFiles/my_code.dir/home/mithril/pico/pico-sdk/src/rp2_common/pico_clib_interface/newlib_interface.c.o
 .debug_ranges  0x0000000000007b70      0x8d0 CMakeFiles/my_code.dir/home/mithril/pico/pico-sdk/src/rp2_common/pico_stdio/stdio.c.o

.debug_line     0x0000000000000000    0x13b50
 .debug_line    0x0000000000000000      0x35b CMakeFiles/my_code.dir/my_code.c.o
 .debug_line    0x000000000000035b     0x1bec CMakeFiles/my_code.dir/home/mithril/pico/pico-sdk/src/rp2_common/hardware_gpio/gpio.c.o
 .debug_line    0x0000000000001f47      0x1ef CMakeFiles/my_code.dir/home/mithril/pico/pico-sdk/src/rp2_common/pico_platform_panic/panic.c.o
 .debug_line    0x0000000000002136      0x896 CMakeFiles/my_code.dir/home/mithril/pico/pico-sdk/src/common/hardware_claim/claim.c.o
 .debug_line    0x00000000000029cc      0x432 CMakeFiles/my_code.dir/home/mithril/pico/pico-sdk/src/rp2_common/hardware_sync/sync.c.o
 .debug_line    0x0000000000002dfe      0x305 CMakeFiles/my_code.dir/home/mithril/pico/pico-sdk/src/rp2_common/hardware_sync_spin_lock/sync_spin_lock.c.o
 .debug_line    0x0000000000003103     0x16c8 CMakeFiles/my_code.dir/home/mithril/pico/pico-sdk/src/rp2_common/hardware_irq/irq.c.o
 .debug_line    0x00000000000047cb      0x239 CMakeFiles/my_code.dir/home/mithril/pico/pico-sdk/src/common/pico_sync/lock_core.c.o
 .debug_line    0x0000000000004a04     0x1a37 CMakeFiles/my_code.dir/home/mithril/pico/pico-sdk/src/common/pico_sync/mutex.c.o
 .debug_line    0x000000000000643b     0x2ef8 CMakeFiles/my_code.dir/home/mithril/pico/pico-sdk/src/common/pico_time/time.c.o
 .debug_line    0x0000000000009333     0x1d1e CMakeFiles/my_code.dir/home/mithril/pico/pico-sdk/src/rp2_common/hardware_timer/timer.c.o
 .debug_line    0x000000000000b051     0x1cf2 CMakeFiles/my_code.dir/home/mithril/pico/pico-sdk/src/rp2_common/hardware_clocks/clocks.c.o
 .debug_line    0x000000000000cd43      0x49d CMakeFiles/my_code.dir/home/mithril/pico/pico-sdk/src/rp2_common/hardware_pll/pll.c.o
 .debug_line    0x000000000000d1e0      0x28f CMakeFiles/my_code.dir/home/mithril/pico/pico-sdk/src/rp2_common/hardware_ticks/ticks.c.o
 .debug_line    0x000000000000d46f      0x332 CMakeFiles/my_code.dir/home/mithril/pico/pico-sdk/src/rp2_common/pico_bootrom/bootrom.c.o
 .debug_line    0x000000000000d7a1      0x2bc CMakeFiles/my_code.dir/home/mithril/pico/pico-sdk/src/rp2_common/hardware_xosc/xosc.c.o
 .debug_line    0x000000000000da5d      0x25e CMakeFiles/my_code.dir/home/mithril/pico/pico-sdk/src/rp2_common/pico_runtime/runtime.c.o
 .debug_line    0x000000000000dcbb      0x5d1 CMakeFiles/my_code.dir/home/mithril/pico/pico-sdk/src/rp2_common/pico_runtime_init/runtime_init.c.o
 .debug_line    0x000000000000e28c      0x49e CMakeFiles/my_code.dir/home/mithril/pico/pico-sdk/src/rp2_common/pico_runtime_init/runtime_init_clocks.c.o
 .debug_line    0x000000000000e72a      0x136 CMakeFiles/my_code.dir/home/mithril/pico/pico-sdk/src/rp2_common/pico_bit_ops/bit_ops_aeabi.S.o
 .debug_line    0x000000000000e860      0x2da CMakeFiles/my_code.dir/home/mithril/pico/pico-sdk/src/rp2_common/pico_divider/divider_hardware.S.o
 .debug_line    0x000000000000eb3a      0x485 CMakeFiles/my_code.dir/home/mithril/pico/pico-sdk/src/rp2_common/pico_double/double_aeabi_rp2040.S.o
 .debug_line    0x000000000000efbf      0x335 CMakeFiles/my_code.dir/home/mithril/pico/pico-sdk/src/rp2_common/pico_double/double_init_rom_rp2040.c.o
 .debug_line    0x000000000000f2f4      0x6a6 CMakeFiles/my_code.dir/home/mithril/pico/pico-sdk/src/rp2_common/pico_double/double_v1_rom_shim_rp2040.S.o
 .debug_line    0x000000000000f99a       0x98 CMakeFiles/my_code.dir/home/mithril/pico/pico-sdk/src/rp2_common/pico_int64_ops/pico_int64_ops_aeabi.S.o
 .debug_line    0x000000000000fa32      0x403 CMakeFiles/my_code.dir/home/mithril/pico/pico-sdk/src/rp2_common/pico_float/float_aeabi_rp2040.S.o
 .debug_line    0x000000000000fe35      0x290 CMakeFiles/my_code.dir/home/mithril/pico/pico-sdk/src/rp2_common/pico_float/float_init_rom_rp2040.c.o
 .debug_line    0x00000000000100c5      0x1cc CMakeFiles/my_code.dir/home/mithril/pico/pico-sdk/src/rp2_common/pico_float/float_v1_rom_shim_rp2040.S.o
 .debug_line    0x0000000000010291       0xc2 CMakeFiles/my_code.dir/home/mithril/pico/pico-sdk/src/rp2_common/pico_mem_ops/mem_ops_aeabi.S.o
 .debug_line    0x0000000000010353      0x163 CMakeFiles/my_code.dir/home/mithril/pico/pico-sdk/src/rp2_common/pico_standard_binary_info/standard_binary_info.c.o
 .debug_line    0x00000000000104b6     0x17cb CMakeFiles/my_code.dir/home/mithril/pico/pico-sdk/src/rp2_common/pico_printf/printf.c.o
 .debug_line    0x0000000000011c81       0xc4 CMakeFiles/my_code.dir/home/mithril/pico/pico-sdk/src/rp2_common/pico_crt0/crt0.S.o
 .debug_line    0x0000000000011d45      0x7ea CMakeFiles/my_code.dir/home/mithril/pico/pico-sdk/src/rp2_common/pico_clib_interface/newlib_interface.c.o
 .debug_line    0x000000000001252f     0x144f CMakeFiles/my_code.dir/home/mithril/pico/pico-sdk/src/rp2_common/pico_stdio/stdio.c.o
 .debug_line    0x000000000001397e       0x60 /usr/lib/gcc/arm-none-eabi/10.3.1/thumb/v6-m/nofp/libgcc.a(_dvmd_tls.o)
 .debug_line    0x00000000000139de      0x172 /usr/lib/gcc/arm-none-eabi/10.3.1/../../../arm-none-eabi/lib/thumb/v6-m/nofp/libg.a(lib_a-strlen-stub.o)

.debug_str      0x0000000000000000     0x4422
 .debug_str     0x0000000000000000      0x38c CMakeFiles/my_code.dir/my_code.c.o
                                        0x3d8 (size before relaxing)
 .debug_str     0x000000000000038c      0x88f CMakeFiles/my_code.dir/home/mithril/pico/pico-sdk/src/rp2_common/hardware_gpio/gpio.c.o
                                        0xc96 (size before relaxing)
 .debug_str     0x0000000000000c1b       0x93 CMakeFiles/my_code.dir/home/mithril/pico/pico-sdk/src/rp2_common/pico_platform_panic/panic.c.o
                                        0x1f4 (size before relaxing)
 .debug_str     0x0000000000000cae      0x1d5 CMakeFiles/my_code.dir/home/mithril/pico/pico-sdk/src/common/hardware_claim/claim.c.o
                                        0x368 (size before relaxing)
 .debug_str     0x0000000000000e83       0xcd CMakeFiles/my_code.dir/home/mithril/pico/pico-sdk/src/rp2_common/hardware_sync/sync.c.o
                                        0x30c (size before relaxing)
 .debug_str     0x0000000000000f50       0x63 CMakeFiles/my_code.dir/home/mithril/pico/pico-sdk/src/rp2_common/hardware_sync_spin_lock/sync_spin_lock.c.o
                                        0x22e (size before relaxing)
 .debug_str     0x0000000000000fb3      0x48b CMakeFiles/my_code.dir/home/mithril/pico/pico-sdk/src/rp2_common/hardware_irq/irq.c.o
                                        0xa21 (size before relaxing)
 .debug_str     0x000000000000143e       0x5d CMakeFiles/my_code.dir/home/mithril/pico/pico-sdk/src/common/pico_sync/lock_core.c.o
                                        0x1fa (size before relaxing)
 .debug_str     0x000000000000149b      0x26d CMakeFiles/my_code.dir/home/mithril/pico/pico-sdk/src/common/pico_sync/mutex.c.o
                                        0x7a1 (size before relaxing)
 .debug_str     0x0000000000001708      0xa02 CMakeFiles/my_code.dir/home/mithril/pico/pico-sdk/src/common/pico_time/time.c.o
                                       0x1187 (size before relaxing)
 .debug_str     0x000000000000210a      0x1c6 CMakeFiles/my_code.dir/home/mithril/pico/pico-sdk/src/rp2_common/hardware_timer/timer.c.o
                                        0x9df (size before relaxing)
 .debug_str     0x00000000000022d0      0x4ce CMakeFiles/my_code.dir/home/mithril/pico/pico-sdk/src/rp2_common/hardware_clocks/clocks.c.o
                                        0x9b6 (size before relaxing)
 .debug_str     0x000000000000279e      0x22a CMakeFiles/my_code.dir/home/mithril/pico/pico-sdk/src/rp2_common/hardware_pll/pll.c.o
                                        0x441 (size before relaxing)
 .debug_str     0x00000000000029c8       0xca CMakeFiles/my_code.dir/home/mithril/pico/pico-sdk/src/rp2_common/hardware_ticks/ticks.c.o
                                        0x270 (size before relaxing)
 .debug_str     0x0000000000002a92      0x187 CMakeFiles/my_code.dir/home/mithril/pico/pico-sdk/src/rp2_common/pico_bootrom/bootrom.c.o
                                        0x30d (size before relaxing)
 .debug_str     0x0000000000002c19       0x76 CMakeFiles/my_code.dir/home/mithril/pico/pico-sdk/src/rp2_common/hardware_xosc/xosc.c.o
                                        0x225 (size before relaxing)
 .debug_str     0x0000000000002c8f       0xeb CMakeFiles/my_code.dir/home/mithril/pico/pico-sdk/src/rp2_common/pico_runtime/runtime.c.o
                                        0x27b (size before relaxing)
 .debug_str     0x0000000000002d7a      0x2d1 CMakeFiles/my_code.dir/home/mithril/pico/pico-sdk/src/rp2_common/pico_runtime_init/runtime_init.c.o
                                        0x77f (size before relaxing)
 .debug_str     0x000000000000304b       0x63 CMakeFiles/my_code.dir/home/mithril/pico/pico-sdk/src/rp2_common/pico_runtime_init/runtime_init_clocks.c.o
                                        0x44c (size before relaxing)
 .debug_str     0x00000000000030ae       0x54 CMakeFiles/my_code.dir/home/mithril/pico/pico-sdk/src/rp2_common/pico_bit_ops/bit_ops_aeabi.S.o
                                         0x78 (size before relaxing)
 .debug_str     0x0000000000003102       0x4b CMakeFiles/my_code.dir/home/mithril/pico/pico-sdk/src/rp2_common/pico_divider/divider_hardware.S.o
                                         0x7b (size before relaxing)
 .debug_str     0x000000000000314d       0x4d CMakeFiles/my_code.dir/home/mithril/pico/pico-sdk/src/rp2_common/pico_double/double_aeabi_rp2040.S.o
                                         0x7d (size before relaxing)
 .debug_str     0x000000000000319a       0xbc CMakeFiles/my_code.dir/home/mithril/pico/pico-sdk/src/rp2_common/pico_double/double_init_rom_rp2040.c.o
                                        0x274 (size before relaxing)
 .debug_str     0x0000000000003256       0x53 CMakeFiles/my_code.dir/home/mithril/pico/pico-sdk/src/rp2_common/pico_double/double_v1_rom_shim_rp2040.S.o
                                         0x83 (size before relaxing)
 .debug_str     0x00000000000032a9       0x51 CMakeFiles/my_code.dir/home/mithril/pico/pico-sdk/src/rp2_common/pico_int64_ops/pico_int64_ops_aeabi.S.o
                                         0x81 (size before relaxing)
 .debug_str     0x00000000000032fa       0x4b CMakeFiles/my_code.dir/home/mithril/pico/pico-sdk/src/rp2_common/pico_float/float_aeabi_rp2040.S.o
                                         0x7b (size before relaxing)
 .debug_str     0x0000000000003345       0x93 CMakeFiles/my_code.dir/home/mithril/pico/pico-sdk/src/rp2_common/pico_float/float_init_rom_rp2040.c.o
                                        0x279 (size before relaxing)
 .debug_str     0x00000000000033d8       0x51 CMakeFiles/my_code.dir/home/mithril/pico/pico-sdk/src/rp2_common/pico_float/float_v1_rom_shim_rp2040.S.o
                                         0x81 (size before relaxing)
 .debug_str     0x0000000000003429       0x48 CMakeFiles/my_code.dir/home/mithril/pico/pico-sdk/src/rp2_common/pico_mem_ops/mem_ops_aeabi.S.o
                                         0x78 (size before relaxing)
 .debug_str     0x0000000000003471      0x24a CMakeFiles/my_code.dir/home/mithril/pico/pico-sdk/src/rp2_common/pico_standard_binary_info/standard_binary_info.c.o
                                        0x3d0 (size before relaxing)
 .debug_str     0x00000000000036bb      0x290 CMakeFiles/my_code.dir/home/mithril/pico/pico-sdk/src/rp2_common/pico_printf/printf.c.o
                                        0x4c7 (size before relaxing)
 .debug_str     0x000000000000394b       0x3c CMakeFiles/my_code.dir/home/mithril/pico/pico-sdk/src/rp2_common/pico_crt0/crt0.S.o
                                         0x6c (size before relaxing)
 .debug_str     0x0000000000003987      0x334 CMakeFiles/my_code.dir/home/mithril/pico/pico-sdk/src/rp2_common/pico_clib_interface/newlib_interface.c.o
                                        0x775 (size before relaxing)
 .debug_str     0x0000000000003cbb      0x5a5 CMakeFiles/my_code.dir/home/mithril/pico/pico-sdk/src/rp2_common/pico_stdio/stdio.c.o
                                        0xdac (size before relaxing)
 .debug_str     0x0000000000004260       0xa6 /usr/lib/gcc/arm-none-eabi/10.3.1/thumb/v6-m/nofp/libgcc.a(_dvmd_tls.o)
 .debug_str     0x0000000000004306      0x11c /usr/lib/gcc/arm-none-eabi/10.3.1/../../../arm-none-eabi/lib/thumb/v6-m/nofp/libg.a(lib_a-strlen-stub.o)
                                        0x1c5 (size before relaxing)

.debug_frame    0x0000000000000000     0x1968
 .debug_frame   0x0000000000000000       0x2c CMakeFiles/my_code.dir/my_code.c.o
 .debug_frame   0x000000000000002c      0x320 CMakeFiles/my_code.dir/home/mithril/pico/pico-sdk/src/rp2_common/hardware_gpio/gpio.c.o
 .debug_frame   0x000000000000034c       0x44 CMakeFiles/my_code.dir/home/mithril/pico/pico-sdk/src/rp2_common/pico_platform_panic/panic.c.o
 .debug_frame   0x0000000000000390       0xa0 CMakeFiles/my_code.dir/home/mithril/pico/pico-sdk/src/common/hardware_claim/claim.c.o
 .debug_frame   0x0000000000000430       0xa4 CMakeFiles/my_code.dir/home/mithril/pico/pico-sdk/src/rp2_common/hardware_sync/sync.c.o
 .debug_frame   0x00000000000004d4       0x30 CMakeFiles/my_code.dir/home/mithril/pico/pico-sdk/src/rp2_common/hardware_sync_spin_lock/sync_spin_lock.c.o
 .debug_frame   0x0000000000000504      0x1c8 CMakeFiles/my_code.dir/home/mithril/pico/pico-sdk/src/rp2_common/hardware_irq/irq.c.o
 .debug_frame   0x00000000000006cc       0x20 CMakeFiles/my_code.dir/home/mithril/pico/pico-sdk/src/common/pico_sync/lock_core.c.o
 .debug_frame   0x00000000000006ec      0x1e4 CMakeFiles/my_code.dir/home/mithril/pico/pico-sdk/src/common/pico_sync/mutex.c.o
 .debug_frame   0x00000000000008d0      0x2d4 CMakeFiles/my_code.dir/home/mithril/pico/pico-sdk/src/common/pico_time/time.c.o
 .debug_frame   0x0000000000000ba4      0x2bc CMakeFiles/my_code.dir/home/mithril/pico/pico-sdk/src/rp2_common/hardware_timer/timer.c.o
 .debug_frame   0x0000000000000e60      0x1f4 CMakeFiles/my_code.dir/home/mithril/pico/pico-sdk/src/rp2_common/hardware_clocks/clocks.c.o
 .debug_frame   0x0000000000001054       0x40 CMakeFiles/my_code.dir/home/mithril/pico/pico-sdk/src/rp2_common/hardware_pll/pll.c.o
 .debug_frame   0x0000000000001094       0x40 CMakeFiles/my_code.dir/home/mithril/pico/pico-sdk/src/rp2_common/hardware_ticks/ticks.c.o
 .debug_frame   0x00000000000010d4       0xa0 CMakeFiles/my_code.dir/home/mithril/pico/pico-sdk/src/rp2_common/pico_bootrom/bootrom.c.o
 .debug_frame   0x0000000000001174       0x40 CMakeFiles/my_code.dir/home/mithril/pico/pico-sdk/src/rp2_common/hardware_xosc/xosc.c.o